Java HotSpot(TM) 64-Bit Server VM (25.181-b13) for windows-amd64 JRE (1.8.0_181-b13), built on Jul  7 2018 04:01:33 by "java_re" with MS VC++ 10.0 (VS2010)
Memory: 4k page, physical 33125424k(24498592k free), swap 38106160k(28280828k free)
CommandLine flags: -XX:InitialHeapSize=134217728 -XX:MaxHeapSize=134217728 -XX:MaxNewSize=44740608 -XX:MaxTenuringThreshold=6 -XX:NewSize=44740608 -XX:OldPLABSize=16 -XX:OldSize=89477120 -XX:+PrintGC -XX:+PrintGCDateStamps -XX:+PrintGCTimeStamps -XX:+UseCompressedClassPointers -XX:+UseCompressedOops -XX:+UseConcMarkSweepGC -XX:-UseLargePagesIndividualAllocation -XX:+UseParNewGC 
2021-03-28T21:03:07.924+0800: 0.293: [GC (Allocation Failure)  34768K->12576K(126720K), 0.0033893 secs]
2021-03-28T21:03:07.937+0800: 0.306: [GC (Allocation Failure)  47382K->23054K(126720K), 0.0058132 secs]
2021-03-28T21:03:07.948+0800: 0.317: [GC (Allocation Failure)  57998K->35524K(126720K), 0.0051371 secs]
2021-03-28T21:03:07.960+0800: 0.329: [GC (Allocation Failure)  70467K->44582K(126720K), 0.0044056 secs]
2021-03-28T21:03:07.969+0800: 0.338: [GC (Allocation Failure)  78863K->56151K(126720K), 0.0043239 secs]
2021-03-28T21:03:07.974+0800: 0.342: [GC (CMS Initial Mark)  57509K(126720K), 0.0002812 secs]
2021-03-28T21:03:07.979+0800: 0.348: [GC (Allocation Failure)  91095K->67288K(126720K), 0.0044935 secs]
2021-03-28T21:03:07.987+0800: 0.356: [GC (Allocation Failure)  101650K->84622K(126720K), 0.0060226 secs]
2021-03-28T21:03:07.998+0800: 0.367: [Full GC (Allocation Failure)  119520K->86894K(126720K), 0.0144494 secs]
2021-03-28T21:03:08.017+0800: 0.386: [Full GC (Allocation Failure)  121396K->95482K(126720K), 0.0123365 secs]
2021-03-28T21:03:08.030+0800: 0.399: [GC (CMS Initial Mark)  96740K(126720K), 0.0003333 secs]
2021-03-28T21:03:08.032+0800: 0.401: [GC (CMS Final Remark)  109449K(126720K), 0.0009543 secs]
2021-03-28T21:03:08.035+0800: 0.404: [Full GC (Allocation Failure)  125947K->102302K(126720K), 0.0133087 secs]
2021-03-28T21:03:08.049+0800: 0.418: [GC (CMS Initial Mark)  102446K(126720K), 0.0005065 secs]
2021-03-28T21:03:08.051+0800: 0.420: [GC (CMS Final Remark)  113599K(126720K), 0.0011662 secs]
2021-03-28T21:03:08.053+0800: 0.422: [Full GC (Allocation Failure)  126260K->106861K(126720K), 0.0129572 secs]
2021-03-28T21:03:08.067+0800: 0.436: [GC (CMS Initial Mark)  107470K(126720K), 0.0001688 secs]
2021-03-28T21:03:08.069+0800: 0.438: [GC (CMS Final Remark)  117684K(126720K), 0.0010196 secs]
2021-03-28T21:03:08.071+0800: 0.440: [Full GC (Allocation Failure)  126177K->110530K(126720K), 0.0134885 secs]
2021-03-28T21:03:08.085+0800: 0.454: [GC (CMS Initial Mark)  111298K(126720K), 0.0001561 secs]
2021-03-28T21:03:08.086+0800: 0.455: [GC (CMS Final Remark)  122013K(126720K), 0.0012712 secs]
2021-03-28T21:03:08.088+0800: 0.457: [Full GC (Allocation Failure)  126049K->113629K(126720K), 0.0128864 secs]
2021-03-28T21:03:08.102+0800: 0.471: [GC (CMS Initial Mark)  114279K(126720K), 0.0003610 secs]
2021-03-28T21:03:08.103+0800: 0.472: [GC (CMS Final Remark)  126096K(126720K), 0.0011659 secs]
2021-03-28T21:03:08.105+0800: 0.474: [Full GC (Allocation Failure)  126604K->118168K(126720K), 0.0137598 secs]
2021-03-28T21:03:08.121+0800: 0.490: [Full GC (Allocation Failure)  125903K->120604K(126720K), 0.0138659 secs]
2021-03-28T21:03:08.135+0800: 0.504: [GC (CMS Initial Mark)  121281K(126720K), 0.0006210 secs]
2021-03-28T21:03:08.138+0800: 0.507: [Full GC (Allocation Failure)  126666K->123330K(126720K), 0.0050978 secs]
2021-03-28T21:03:08.144+0800: 0.513: [Full GC (Allocation Failure)  126156K->123916K(126720K), 0.0031530 secs]
2021-03-28T21:03:08.148+0800: 0.517: [GC (CMS Initial Mark)  124267K(126720K), 0.0004482 secs]
2021-03-28T21:03:08.150+0800: 0.519: [Full GC (Allocation Failure)  126212K->124551K(126720K), 0.0019058 secs]
2021-03-28T21:03:08.152+0800: 0.521: [Full GC (Allocation Failure)  125688K->125463K(126720K), 0.0025159 secs]
2021-03-28T21:03:08.155+0800: 0.524: [Full GC (Allocation Failure)  125463K->125440K(126720K), 0.0106408 secs]
2021-03-28T21:03:08.166+0800: 0.535: [GC (CMS Initial Mark)  125440K(126720K), 0.0002235 secs]
2021-03-28T21:03:08.168+0800: 0.537: [GC (CMS Final Remark)  125532K(126720K), 0.0010422 secs]
