Java HotSpot(TM) 64-Bit Server VM (25.181-b13) for windows-amd64 JRE (1.8.0_181-b13), built on Jul  7 2018 04:01:33 by "java_re" with MS VC++ 10.0 (VS2010)
Memory: 4k page, physical 33125424k(24479488k free), swap 38106160k(28253348k free)
CommandLine flags: -XX:InitialHeapSize=268435456 -XX:MaxHeapSize=268435456 -XX:MaxNewSize=89481216 -XX:MaxTenuringThreshold=6 -XX:NewSize=89481216 -XX:OldPLABSize=16 -XX:OldSize=178954240 -XX:+PrintGC -XX:+PrintGCDateStamps -XX:+PrintGCTimeStamps -XX:+UseCompressedClassPointers -XX:+UseCompressedOops -XX:+UseConcMarkSweepGC -XX:-UseLargePagesIndividualAllocation -XX:+UseParNewGC 
2021-03-28T21:08:16.344+0800: 0.316: [GC (Allocation Failure)  69952K->22442K(253440K), 0.0057155 secs]
2021-03-28T21:08:16.361+0800: 0.332: [GC (Allocation Failure)  92394K->47537K(253440K), 0.0096387 secs]
2021-03-28T21:08:16.379+0800: 0.351: [GC (Allocation Failure)  116934K->69397K(253440K), 0.0113792 secs]
2021-03-28T21:08:16.399+0800: 0.371: [GC (Allocation Failure)  139273K->90568K(253440K), 0.0110335 secs]
2021-03-28T21:08:16.419+0800: 0.391: [GC (Allocation Failure)  160520K->117203K(253440K), 0.0137522 secs]
2021-03-28T21:08:16.433+0800: 0.404: [GC (CMS Initial Mark)  118739K(253440K), 0.0006061 secs]
2021-03-28T21:08:16.442+0800: 0.413: [GC (Allocation Failure)  186898K->141134K(253440K), 0.0125506 secs]
2021-03-28T21:08:16.464+0800: 0.435: [GC (Allocation Failure)  211076K->165051K(253440K), 0.0127949 secs]
2021-03-28T21:08:16.485+0800: 0.457: [Full GC (Allocation Failure)  234950K->148989K(253440K), 0.0176159 secs]
2021-03-28T21:08:16.510+0800: 0.481: [GC (Allocation Failure)  218941K->174822K(253440K), 0.0067742 secs]
2021-03-28T21:08:16.517+0800: 0.488: [GC (CMS Initial Mark)  175538K(253440K), 0.0002494 secs]
2021-03-28T21:08:16.518+0800: 0.490: [GC (CMS Final Remark)  186979K(253440K), 0.0009926 secs]
2021-03-28T21:08:16.526+0800: 0.498: [Full GC (Allocation Failure)  236318K->179773K(253440K), 0.0234791 secs]
2021-03-28T21:08:16.551+0800: 0.522: [GC (CMS Initial Mark)  181315K(253440K), 0.0004099 secs]
2021-03-28T21:08:16.552+0800: 0.524: [GC (CMS Final Remark)  195174K(253440K), 0.0012406 secs]
2021-03-28T21:08:16.561+0800: 0.532: [Full GC (Allocation Failure)  252346K->191414K(253440K), 0.0226024 secs]
2021-03-28T21:08:16.584+0800: 0.555: [GC (CMS Initial Mark)  193252K(253440K), 0.0002381 secs]
2021-03-28T21:08:16.586+0800: 0.558: [GC (CMS Final Remark)  206915K(253440K), 0.0013146 secs]
2021-03-28T21:08:16.593+0800: 0.565: [Full GC (Allocation Failure)  252108K->196928K(253440K), 0.0248583 secs]
2021-03-28T21:08:16.618+0800: 0.590: [GC (CMS Initial Mark)  198373K(253440K), 0.0003413 secs]
2021-03-28T21:08:16.620+0800: 0.592: [GC (CMS Final Remark)  213973K(253440K), 0.0008920 secs]
2021-03-28T21:08:16.626+0800: 0.598: [Full GC (Allocation Failure)  252945K->203322K(253440K), 0.0249068 secs]
2021-03-28T21:08:16.651+0800: 0.623: [GC (CMS Initial Mark)  204802K(253440K), 0.0002429 secs]
2021-03-28T21:08:16.653+0800: 0.625: [GC (CMS Final Remark)  218701K(253440K), 0.0011732 secs]
2021-03-28T21:08:16.659+0800: 0.631: [Full GC (Allocation Failure)  252274K->206016K(253440K), 0.0238696 secs]
2021-03-28T21:08:16.684+0800: 0.655: [GC (CMS Initial Mark)  206319K(253440K), 0.0001936 secs]
2021-03-28T21:08:16.686+0800: 0.657: [GC (CMS Final Remark)  219541K(253440K), 0.0010306 secs]
2021-03-28T21:08:16.691+0800: 0.662: [Full GC (Allocation Failure)  253325K->214492K(253440K), 0.0250100 secs]
2021-03-28T21:08:16.717+0800: 0.688: [GC (CMS Initial Mark)  216223K(253440K), 0.0004898 secs]
2021-03-28T21:08:16.719+0800: 0.690: [GC (CMS Final Remark)  231329K(253440K), 0.0010729 secs]
2021-03-28T21:08:16.723+0800: 0.694: [Full GC (Allocation Failure)  252553K->222337K(253440K), 0.0257079 secs]
2021-03-28T21:08:16.749+0800: 0.720: [GC (CMS Initial Mark)  223932K(253440K), 0.0005135 secs]
2021-03-28T21:08:16.751+0800: 0.723: [GC (CMS Final Remark)  236923K(253440K), 0.0014364 secs]
2021-03-28T21:08:16.754+0800: 0.726: [Full GC (Allocation Failure)  253199K->229502K(253440K), 0.0274296 secs]
2021-03-28T21:08:16.782+0800: 0.754: [GC (CMS Initial Mark)  229798K(253440K), 0.0004511 secs]
2021-03-28T21:08:16.784+0800: 0.756: [GC (CMS Final Remark)  245220K(253440K), 0.0012880 secs]
2021-03-28T21:08:16.787+0800: 0.759: [Full GC (Allocation Failure)  252952K->235238K(253440K), 0.0266656 secs]
2021-03-28T21:08:16.814+0800: 0.786: [GC (CMS Initial Mark)  236399K(253440K), 0.0004427 secs]
2021-03-28T21:08:16.817+0800: 0.788: [GC (CMS Final Remark)  253185K(253440K), 0.0009897 secs]
2021-03-28T21:08:16.818+0800: 0.790: [Full GC (Allocation Failure)  253410K->239605K(253440K), 0.0271335 secs]
2021-03-28T21:08:16.847+0800: 0.819: [Full GC (Allocation Failure)  252880K->240676K(253440K), 0.0253644 secs]
2021-03-28T21:08:16.873+0800: 0.845: [GC (CMS Initial Mark)  242623K(253440K), 0.0004453 secs]
2021-03-28T21:08:16.876+0800: 0.847: [Full GC (Allocation Failure)  252879K->243376K(253440K), 0.0265080 secs]
2021-03-28T21:08:16.904+0800: 0.875: [Full GC (Allocation Failure)  253434K->244174K(253440K), 0.0286096 secs]
2021-03-28T21:08:16.932+0800: 0.904: [GC (CMS Initial Mark)  244610K(253440K), 0.0002954 secs]
2021-03-28T21:08:16.935+0800: 0.906: [Full GC (Allocation Failure)  253224K->245113K(253440K), 0.0274361 secs]
2021-03-28T21:08:16.965+0800: 0.936: [Full GC (Allocation Failure)  253315K->247215K(253440K), 0.0403492 secs]
2021-03-28T21:08:17.005+0800: 0.977: [GC (CMS Initial Mark)  247733K(253440K), 0.0005868 secs]
2021-03-28T21:08:17.008+0800: 0.979: [Full GC (Allocation Failure)  253267K->247815K(253440K), 0.0216900 secs]
2021-03-28T21:08:17.030+0800: 1.002: [Full GC (Allocation Failure)  253312K->248058K(253440K), 0.0238171 secs]
2021-03-28T21:08:17.055+0800: 1.026: [GC (CMS Initial Mark)  248331K(253440K), 0.0005291 secs]
2021-03-28T21:08:17.058+0800: 1.029: [Full GC (Allocation Failure)  253413K->248712K(253440K), 0.0302383 secs]
2021-03-28T21:08:17.089+0800: 1.061: [Full GC (Allocation Failure)  253418K->248728K(253440K), 0.0246391 secs]
2021-03-28T21:08:17.114+0800: 1.086: [GC (CMS Initial Mark)  248871K(253440K), 0.0004628 secs]
2021-03-28T21:08:17.116+0800: 1.088: [Full GC (Allocation Failure)  253161K->248357K(253440K), 0.0252164 secs]
