Java HotSpot(TM) 64-Bit Server VM (25.181-b13) for windows-amd64 JRE (1.8.0_181-b13), built on Jul  7 2018 04:01:33 by "java_re" with MS VC++ 10.0 (VS2010)
Memory: 4k page, physical 33125424k(24469468k free), swap 38106160k(28240668k free)
CommandLine flags: -XX:InitialHeapSize=536870912 -XX:MaxHeapSize=536870912 -XX:MaxNewSize=178958336 -XX:MaxTenuringThreshold=6 -XX:NewSize=178958336 -XX:OldPLABSize=16 -XX:OldSize=357912576 -XX:+PrintGC -XX:+PrintGCDateStamps -XX:+PrintGCTimeStamps -XX:+UseCompressedClassPointers -XX:+UseCompressedOops -XX:+UseConcMarkSweepGC -XX:-UseLargePagesIndividualAllocation -XX:+UseParNewGC 
2021-03-28T21:20:03.173+0800: 0.349: [GC (Allocation Failure)  139776K->46007K(506816K), 0.0111291 secs]
2021-03-28T21:20:03.202+0800: 0.378: [GC (Allocation Failure)  185783K->93832K(506816K), 0.0165645 secs]
2021-03-28T21:20:03.234+0800: 0.410: [GC (Allocation Failure)  233608K->140222K(506816K), 0.0243437 secs]
2021-03-28T21:20:03.278+0800: 0.453: [GC (Allocation Failure)  279998K->185122K(506816K), 0.0229321 secs]
2021-03-28T21:20:03.316+0800: 0.492: [GC (Allocation Failure)  324898K->232701K(506816K), 0.0240352 secs]
2021-03-28T21:20:03.341+0800: 0.516: [GC (CMS Initial Mark)  235673K(506816K), 0.0002524 secs]
2021-03-28T21:20:03.355+0800: 0.531: [GC (Allocation Failure)  372477K->279176K(506816K), 0.0244754 secs]
2021-03-28T21:20:03.396+0800: 0.572: [GC (Allocation Failure)  418952K->322940K(506816K), 0.0222545 secs]
2021-03-28T21:20:03.433+0800: 0.609: [Full GC (Allocation Failure)  462716K->256365K(506816K), 0.0288507 secs]
2021-03-28T21:20:03.478+0800: 0.653: [GC (Allocation Failure)  396141K->305669K(506816K), 0.0065809 secs]
2021-03-28T21:20:03.485+0800: 0.660: [GC (CMS Initial Mark)  308503K(506816K), 0.0002633 secs]
2021-03-28T21:20:03.502+0800: 0.677: [GC (Allocation Failure)  445445K->346838K(506816K), 0.0154807 secs]
2021-03-28T21:20:03.518+0800: 0.694: [GC (CMS Final Remark)  354610K(506816K), 0.0012702 secs]
2021-03-28T21:20:03.535+0800: 0.710: [GC (Allocation Failure)  453950K->358136K(506816K), 0.0128208 secs]
2021-03-28T21:20:03.548+0800: 0.723: [GC (CMS Initial Mark)  361141K(506816K), 0.0001955 secs]
2021-03-28T21:20:03.550+0800: 0.725: [GC (CMS Final Remark)  379660K(506816K), 0.0010732 secs]
2021-03-28T21:20:03.564+0800: 0.740: [GC (Allocation Failure)  432433K->333329K(506816K), 0.0076129 secs]
2021-03-28T21:20:03.572+0800: 0.748: [GC (CMS Initial Mark)  336163K(506816K), 0.0001925 secs]
2021-03-28T21:20:03.574+0800: 0.750: [GC (CMS Final Remark)  351948K(506816K), 0.0010612 secs]
2021-03-28T21:20:03.589+0800: 0.764: [GC (Allocation Failure)  436328K->338934K(506816K), 0.0080119 secs]
2021-03-28T21:20:03.597+0800: 0.772: [GC (CMS Initial Mark)  339229K(506816K), 0.0001969 secs]
2021-03-28T21:20:03.599+0800: 0.774: [GC (CMS Final Remark)  355466K(506816K), 0.0011695 secs]
2021-03-28T21:20:03.613+0800: 0.789: [GC (Allocation Failure)  444410K->351165K(506816K), 0.0085399 secs]
2021-03-28T21:20:03.622+0800: 0.798: [GC (CMS Initial Mark)  351878K(506816K), 0.0001729 secs]
2021-03-28T21:20:03.624+0800: 0.800: [GC (CMS Final Remark)  371418K(506816K), 0.0011243 secs]
2021-03-28T21:20:03.640+0800: 0.816: [GC (Allocation Failure)  454757K->355613K(506816K), 0.0077238 secs]
2021-03-28T21:20:03.648+0800: 0.823: [GC (CMS Initial Mark)  355901K(506816K), 0.0001925 secs]
2021-03-28T21:20:03.650+0800: 0.826: [GC (CMS Final Remark)  373440K(506816K), 0.0010871 secs]
2021-03-28T21:20:03.666+0800: 0.842: [GC (Allocation Failure)  455734K->360074K(506816K), 0.0096733 secs]
2021-03-28T21:20:03.676+0800: 0.851: [GC (CMS Initial Mark)  362920K(506816K), 0.0001481 secs]
2021-03-28T21:20:03.677+0800: 0.853: [GC (CMS Final Remark)  375833K(506816K), 0.0009573 secs]
2021-03-28T21:20:03.693+0800: 0.869: [Full GC (Allocation Failure)  459568K->328594K(506816K), 0.0382137 secs]
2021-03-28T21:20:03.731+0800: 0.907: [GC (CMS Initial Mark)  331643K(506816K), 0.0002472 secs]
2021-03-28T21:20:03.747+0800: 0.923: [Full GC (Allocation Failure)  468370K->325921K(506816K), 0.0385831 secs]
2021-03-28T21:20:03.802+0800: 0.978: [GC (Allocation Failure)  465697K->506543K(506816K), 0.0064336 secs]
2021-03-28T21:20:03.808+0800: 0.985: [Full GC (Allocation Failure)  506543K->336400K(506816K), 0.0397409 secs]
2021-03-28T21:20:03.850+0800: 1.025: [GC (CMS Initial Mark)  339371K(506816K), 0.0005995 secs]
2021-03-28T21:20:03.851+0800: 1.027: [GC (CMS Final Remark)  354165K(506816K), 0.0014437 secs]
2021-03-28T21:20:03.867+0800: 1.043: [Full GC (Allocation Failure)  475144K->342937K(506816K), 0.0447603 secs]
2021-03-28T21:20:03.912+0800: 1.089: [GC (CMS Initial Mark)  345902K(506816K), 0.0007483 secs]
2021-03-28T21:20:03.915+0800: 1.091: [GC (CMS Final Remark)  363152K(506816K), 0.0015014 secs]
2021-03-28T21:20:03.930+0800: 1.107: [Full GC (Allocation Failure)  481891K->348335K(506816K), 0.0416635 secs]
2021-03-28T21:20:03.972+0800: 1.149: [GC (CMS Initial Mark)  351801K(506816K), 0.0004547 secs]
