Java HotSpot(TM) 64-Bit Server VM (25.181-b13) for windows-amd64 JRE (1.8.0_181-b13), built on Jul  7 2018 04:01:33 by "java_re" with MS VC++ 10.0 (VS2010)
Memory: 4k page, physical 33125424k(24463496k free), swap 38106160k(28233900k free)
CommandLine flags: -XX:InitialHeapSize=134217728 -XX:MaxHeapSize=134217728 -XX:+PrintGC -XX:+PrintGCDateStamps -XX:+PrintGCTimeStamps -XX:+UseCompressedClassPointers -XX:+UseCompressedOops -XX:+UseG1GC -XX:-UseLargePagesIndividualAllocation 
2021-03-28T21:30:21.800+0800: 0.293: [GC pause (G1 Evacuation Pause) (young) 32M->12M(128M), 0.0040588 secs]
2021-03-28T21:30:21.810+0800: 0.303: [GC pause (G1 Evacuation Pause) (young) 41M->25M(128M), 0.0049099 secs]
2021-03-28T21:30:21.830+0800: 0.323: [GC pause (G1 Evacuation Pause) (young) 69M->40M(128M), 0.0049165 secs]
2021-03-28T21:30:21.841+0800: 0.334: [GC pause (G1 Humongous Allocation) (young) (initial-mark) 76M->51M(128M), 0.0038674 secs]
2021-03-28T21:30:21.845+0800: 0.338: [GC concurrent-root-region-scan-start]
2021-03-28T21:30:21.845+0800: 0.338: [GC concurrent-root-region-scan-end, 0.0002596 secs]
2021-03-28T21:30:21.845+0800: 0.338: [GC concurrent-mark-start]
2021-03-28T21:30:21.846+0800: 0.339: [GC concurrent-mark-end, 0.0008763 secs]
2021-03-28T21:30:21.846+0800: 0.339: [GC remark, 0.0018635 secs]
2021-03-28T21:30:21.848+0800: 0.341: [GC cleanup 59M->59M(128M), 0.0009963 secs]
2021-03-28T21:30:21.857+0800: 0.350: [GC pause (G1 Evacuation Pause) (young)-- 102M->95M(128M), 0.0041584 secs]
2021-03-28T21:30:21.862+0800: 0.355: [GC pause (G1 Humongous Allocation) (young) (initial-mark) 99M->96M(128M), 0.0028900 secs]
2021-03-28T21:30:21.865+0800: 0.358: [GC concurrent-root-region-scan-start]
2021-03-28T21:30:21.865+0800: 0.358: [GC concurrent-root-region-scan-end, 0.0001977 secs]
2021-03-28T21:30:21.865+0800: 0.358: [GC concurrent-mark-start]
2021-03-28T21:30:21.866+0800: 0.359: [GC pause (G1 Evacuation Pause) (young) 105M->101M(128M), 0.0018317 secs]
2021-03-28T21:30:21.869+0800: 0.361: [GC concurrent-mark-end, 0.0031617 secs]
2021-03-28T21:30:21.869+0800: 0.362: [GC remark, 0.0008960 secs]
2021-03-28T21:30:21.870+0800: 0.363: [GC cleanup 103M->103M(128M), 0.0004409 secs]
2021-03-28T21:30:21.871+0800: 0.363: [GC pause (G1 Evacuation Pause) (young) 107M->103M(128M), 0.0007527 secs]
2021-03-28T21:30:21.872+0800: 0.365: [GC pause (G1 Evacuation Pause) (mixed) 108M->93M(128M), 0.0008453 secs]
2021-03-28T21:30:21.874+0800: 0.367: [GC pause (G1 Evacuation Pause) (mixed) 102M->86M(128M), 0.0013121 secs]
2021-03-28T21:30:21.876+0800: 0.369: [GC pause (G1 Evacuation Pause) (mixed) 93M->84M(128M), 0.0012089 secs]
2021-03-28T21:30:21.878+0800: 0.370: [GC pause (G1 Humongous Allocation) (young) (initial-mark) 84M->83M(128M), 0.0012475 secs]
2021-03-28T21:30:21.879+0800: 0.372: [GC concurrent-root-region-scan-start]
2021-03-28T21:30:21.879+0800: 0.372: [GC concurrent-root-region-scan-end, 0.0000773 secs]
2021-03-28T21:30:21.879+0800: 0.372: [GC concurrent-mark-start]
2021-03-28T21:30:21.880+0800: 0.373: [GC concurrent-mark-end, 0.0008595 secs]
2021-03-28T21:30:21.880+0800: 0.373: [GC remark, 0.0012687 secs]
2021-03-28T21:30:21.882+0800: 0.374: [GC cleanup 93M->93M(128M), 0.0007498 secs]
2021-03-28T21:30:21.883+0800: 0.376: [GC pause (G1 Evacuation Pause) (young) 98M->90M(128M), 0.0016713 secs]
2021-03-28T21:30:21.886+0800: 0.379: [GC pause (G1 Evacuation Pause) (mixed) 97M->89M(128M), 0.0011761 secs]
2021-03-28T21:30:21.888+0800: 0.380: [GC pause (G1 Humongous Allocation) (young) (initial-mark) 91M->89M(128M), 0.0006531 secs]
2021-03-28T21:30:21.888+0800: 0.381: [GC concurrent-root-region-scan-start]
2021-03-28T21:30:21.888+0800: 0.381: [GC concurrent-root-region-scan-end, 0.0000726 secs]
2021-03-28T21:30:21.888+0800: 0.381: [GC concurrent-mark-start]
2021-03-28T21:30:21.889+0800: 0.382: [GC concurrent-mark-end, 0.0009802 secs]
2021-03-28T21:30:21.889+0800: 0.382: [GC remark, 0.0009058 secs]
2021-03-28T21:30:21.890+0800: 0.383: [GC cleanup 97M->97M(128M), 0.0004041 secs]
2021-03-28T21:30:21.891+0800: 0.384: [GC pause (G1 Evacuation Pause) (young) 98M->91M(128M), 0.0009168 secs]
2021-03-28T21:30:21.893+0800: 0.386: [GC pause (G1 Evacuation Pause) (mixed) 100M->94M(128M), 0.0010193 secs]
2021-03-28T21:30:21.895+0800: 0.388: [GC pause (G1 Humongous Allocation) (young) (initial-mark) 98M->93M(128M), 0.0007133 secs]
2021-03-28T21:30:21.896+0800: 0.388: [GC concurrent-root-region-scan-start]
2021-03-28T21:30:21.896+0800: 0.389: [GC concurrent-root-region-scan-end, 0.0000740 secs]
2021-03-28T21:30:21.896+0800: 0.389: [GC concurrent-mark-start]
2021-03-28T21:30:21.897+0800: 0.389: [GC concurrent-mark-end, 0.0008840 secs]
2021-03-28T21:30:21.897+0800: 0.389: [GC pause (G1 Evacuation Pause) (young) 103M->97M(128M), 0.0009394 secs]
2021-03-28T21:30:21.898+0800: 0.391: [GC remark, 0.0009197 secs]
2021-03-28T21:30:21.899+0800: 0.392: [GC cleanup 98M->98M(128M), 0.0004004 secs]
2021-03-28T21:30:21.900+0800: 0.393: [GC pause (G1 Evacuation Pause) (young) 106M->100M(128M), 0.0009073 secs]
2021-03-28T21:30:21.902+0800: 0.395: [GC pause (G1 Evacuation Pause) (mixed)-- 107M->102M(128M), 0.0009007 secs]
2021-03-28T21:30:21.904+0800: 0.397: [GC pause (G1 Evacuation Pause) (young)-- 109M->106M(128M), 0.0008650 secs]
2021-03-28T21:30:21.905+0800: 0.398: [GC pause (G1 Humongous Allocation) (young) (initial-mark) 108M->106M(128M), 0.0007450 secs]
2021-03-28T21:30:21.906+0800: 0.399: [GC concurrent-root-region-scan-start]
2021-03-28T21:30:21.906+0800: 0.399: [GC concurrent-root-region-scan-end, 0.0000780 secs]
2021-03-28T21:30:21.906+0800: 0.399: [GC concurrent-mark-start]
2021-03-28T21:30:21.906+0800: 0.399: [GC pause (G1 Evacuation Pause) (young)-- 110M->109M(128M), 0.0006630 secs]
2021-03-28T21:30:21.907+0800: 0.400: [GC pause (G1 Evacuation Pause) (young)-- 110M->110M(128M), 0.0006196 secs]
2021-03-28T21:30:21.908+0800: 0.401: [Full GC (Allocation Failure)  110M->93M(128M), 0.0094304 secs]
2021-03-28T21:30:21.918+0800: 0.411: [GC concurrent-mark-abort]
2021-03-28T21:30:21.918+0800: 0.411: [GC pause (G1 Humongous Allocation) (young) (initial-mark) 94M->93M(128M), 0.0014959 secs]
2021-03-28T21:30:21.920+0800: 0.412: [GC concurrent-root-region-scan-start]
2021-03-28T21:30:21.920+0800: 0.412: [GC concurrent-root-region-scan-end, 0.0001076 secs]
2021-03-28T21:30:21.920+0800: 0.412: [GC concurrent-mark-start]
2021-03-28T21:30:21.921+0800: 0.414: [GC pause (G1 Evacuation Pause) (young)-- 100M->99M(128M), 0.0018128 secs]
2021-03-28T21:30:21.923+0800: 0.416: [GC pause (G1 Evacuation Pause) (young)-- 100M->100M(128M), 0.0006349 secs]
2021-03-28T21:30:21.924+0800: 0.416: [Full GC (Allocation Failure)  100M->96M(128M), 0.0026271 secs]
2021-03-28T21:30:21.926+0800: 0.419: [GC concurrent-mark-abort]
2021-03-28T21:30:21.927+0800: 0.419: [GC pause (G1 Humongous Allocation) (young) (initial-mark) 98M->96M(128M), 0.0005857 secs]
2021-03-28T21:30:21.927+0800: 0.420: [GC concurrent-root-region-scan-start]
2021-03-28T21:30:21.927+0800: 0.420: [GC concurrent-root-region-scan-end, 0.0000310 secs]
2021-03-28T21:30:21.927+0800: 0.420: [GC concurrent-mark-start]
2021-03-28T21:30:21.928+0800: 0.420: [GC pause (G1 Evacuation Pause) (young)-- 99M->99M(128M), 0.0006568 secs]
2021-03-28T21:30:21.928+0800: 0.421: [Full GC (Allocation Failure)  99M->98M(128M), 0.0025192 secs]
2021-03-28T21:30:21.931+0800: 0.424: [GC concurrent-mark-abort]
2021-03-28T21:30:21.931+0800: 0.424: [GC pause (G1 Evacuation Pause) (young)-- 100M->99M(128M), 0.0006914 secs]
2021-03-28T21:30:21.932+0800: 0.425: [GC pause (G1 Evacuation Pause) (young) (initial-mark)-- 100M->100M(128M), 0.0006743 secs]
2021-03-28T21:30:21.933+0800: 0.426: [GC concurrent-root-region-scan-start]
2021-03-28T21:30:21.933+0800: 0.426: [GC concurrent-root-region-scan-end, 0.0000073 secs]
2021-03-28T21:30:21.933+0800: 0.426: [GC concurrent-mark-start]
2021-03-28T21:30:21.933+0800: 0.426: [Full GC (Allocation Failure)  100M->97M(128M), 0.0058574 secs]
2021-03-28T21:30:21.939+0800: 0.432: [GC concurrent-mark-abort]
2021-03-28T21:30:21.939+0800: 0.432: [GC pause (G1 Humongous Allocation) (young) (initial-mark) 99M->98M(128M), 0.0008034 secs]
2021-03-28T21:30:21.940+0800: 0.433: [GC concurrent-root-region-scan-start]
2021-03-28T21:30:21.940+0800: 0.433: [GC concurrent-root-region-scan-end, 0.0000292 secs]
2021-03-28T21:30:21.940+0800: 0.433: [GC concurrent-mark-start]
2021-03-28T21:30:21.940+0800: 0.433: [GC pause (G1 Humongous Allocation) (young)-- 99M->99M(128M), 0.0006936 secs]
2021-03-28T21:30:21.941+0800: 0.434: [Full GC (Allocation Failure)  99M->98M(128M), 0.0095238 secs]
2021-03-28T21:30:21.950+0800: 0.443: [GC concurrent-mark-abort]
2021-03-28T21:30:21.951+0800: 0.444: [GC pause (G1 Evacuation Pause) (young)-- 100M->100M(128M), 0.0013890 secs]
2021-03-28T21:30:21.952+0800: 0.445: [Full GC (Allocation Failure)  100M->99M(128M), 0.0027737 secs]
2021-03-28T21:30:21.955+0800: 0.448: [GC pause (G1 Evacuation Pause) (young)-- 100M->100M(128M), 0.0008045 secs]
2021-03-28T21:30:21.956+0800: 0.449: [Full GC (Allocation Failure)  100M->99M(128M), 0.0072905 secs]
2021-03-28T21:30:21.964+0800: 0.457: [GC pause (G1 Humongous Allocation) (young) (initial-mark) 100M->100M(128M), 0.0015258 secs]
2021-03-28T21:30:21.965+0800: 0.458: [GC concurrent-root-region-scan-start]
2021-03-28T21:30:21.965+0800: 0.458: [GC concurrent-root-region-scan-end, 0.0001313 secs]
2021-03-28T21:30:21.965+0800: 0.458: [GC concurrent-mark-start]
2021-03-28T21:30:21.965+0800: 0.458: [GC pause (G1 Evacuation Pause) (young)-- 100M->100M(128M), 0.0009770 secs]
2021-03-28T21:30:21.966+0800: 0.459: [GC pause (G1 Evacuation Pause) (young) 100M->100M(128M), 0.0006013 secs]
2021-03-28T21:30:21.967+0800: 0.460: [Full GC (Allocation Failure)  100M->100M(128M), 0.0021957 secs]
2021-03-28T21:30:21.969+0800: 0.462: [GC concurrent-mark-abort]
2021-03-28T21:30:21.970+0800: 0.463: [GC pause (G1 Evacuation Pause) (young)-- 101M->100M(128M), 0.0006783 secs]
2021-03-28T21:30:21.970+0800: 0.463: [GC pause (G1 Humongous Allocation) (young) (initial-mark)-- 101M->101M(128M), 0.0006612 secs]
2021-03-28T21:30:21.971+0800: 0.464: [GC concurrent-root-region-scan-start]
2021-03-28T21:30:21.971+0800: 0.464: [GC concurrent-root-region-scan-end, 0.0000066 secs]
2021-03-28T21:30:21.971+0800: 0.464: [GC concurrent-mark-start]
2021-03-28T21:30:21.971+0800: 0.464: [GC pause (G1 Humongous Allocation) (young) 101M->101M(128M), 0.0006035 secs]
2021-03-28T21:30:21.972+0800: 0.465: [Full GC (Allocation Failure)  101M->99M(128M), 0.0019955 secs]
2021-03-28T21:30:21.974+0800: 0.467: [GC concurrent-mark-abort]
2021-03-28T21:30:21.974+0800: 0.467: [GC pause (G1 Humongous Allocation) (young) (initial-mark)-- 100M->100M(128M), 0.0007049 secs]
2021-03-28T21:30:21.975+0800: 0.468: [GC concurrent-root-region-scan-start]
2021-03-28T21:30:21.975+0800: 0.468: [GC concurrent-root-region-scan-end, 0.0000058 secs]
2021-03-28T21:30:21.975+0800: 0.468: [GC concurrent-mark-start]
2021-03-28T21:30:21.975+0800: 0.468: [GC pause (G1 Humongous Allocation) (young) 100M->100M(128M), 0.0005711 secs]
2021-03-28T21:30:21.976+0800: 0.468: [Full GC (Allocation Failure)  100M->100M(128M), 0.0020166 secs]
2021-03-28T21:30:21.978+0800: 0.471: [GC concurrent-mark-abort]
2021-03-28T21:30:21.978+0800: 0.471: [GC pause (G1 Evacuation Pause) (young) 101M->101M(128M), 0.0006024 secs]
2021-03-28T21:30:21.978+0800: 0.471: [GC pause (G1 Evacuation Pause) (young) (initial-mark) 101M->101M(128M), 0.0005933 secs]
2021-03-28T21:30:21.979+0800: 0.472: [GC concurrent-root-region-scan-start]
2021-03-28T21:30:21.979+0800: 0.472: [GC concurrent-root-region-scan-end, 0.0000058 secs]
2021-03-28T21:30:21.979+0800: 0.472: [GC concurrent-mark-start]
2021-03-28T21:30:21.979+0800: 0.472: [Full GC (Allocation Failure)  101M->101M(128M), 0.0019597 secs]
2021-03-28T21:30:21.981+0800: 0.474: [Full GC (Allocation Failure)  101M->101M(128M), 0.0028404 secs]
2021-03-28T21:30:21.984+0800: 0.477: [GC concurrent-mark-abort]
2021-03-28T21:30:21.984+0800: 0.477: [GC pause (G1 Evacuation Pause) (young) 101M->100M(128M), 0.0007286 secs]
