Java HotSpot(TM) 64-Bit Server VM (25.181-b13) for windows-amd64 JRE (1.8.0_181-b13), built on Jul  7 2018 04:01:33 by "java_re" with MS VC++ 10.0 (VS2010)
Memory: 4k page, physical 33125424k(24389792k free), swap 38106160k(28163056k free)
CommandLine flags: -XX:InitialHeapSize=1073741824 -XX:MaxHeapSize=1073741824 -XX:+PrintGC -XX:+PrintGCDateStamps -XX:+PrintGCTimeStamps -XX:+UseCompressedClassPointers -XX:+UseCompressedOops -XX:+UseG1GC -XX:-UseLargePagesIndividualAllocation 
2021-03-28T21:37:38.491+0800: 0.341: [GC pause (G1 Evacuation Pause) (young) 61M->22M(1024M), 0.0057768 secs]
2021-03-28T21:37:38.507+0800: 0.357: [GC pause (G1 Evacuation Pause) (young) 75M->34M(1024M), 0.0043418 secs]
2021-03-28T21:37:38.520+0800: 0.370: [GC pause (G1 Evacuation Pause) (young) 85M->47M(1024M), 0.0044009 secs]
2021-03-28T21:37:38.548+0800: 0.398: [GC pause (G1 Evacuation Pause) (young) 140M->81M(1024M), 0.0080268 secs]
2021-03-28T21:37:38.615+0800: 0.465: [GC pause (G1 Evacuation Pause) (young) 276M->143M(1024M), 0.0128044 secs]
2021-03-28T21:37:38.646+0800: 0.496: [GC pause (G1 Evacuation Pause) (young) 267M->178M(1024M), 0.0094158 secs]
2021-03-28T21:37:38.690+0800: 0.540: [GC pause (G1 Evacuation Pause) (young) 376M->240M(1024M), 0.0122767 secs]
2021-03-28T21:37:38.736+0800: 0.586: [GC pause (G1 Evacuation Pause) (young) 457M->292M(1024M), 0.0149246 secs]
2021-03-28T21:37:38.814+0800: 0.664: [GC pause (G1 Evacuation Pause) (young) 597M->364M(1024M), 0.0178726 secs]
2021-03-28T21:37:38.865+0800: 0.715: [GC pause (G1 Humongous Allocation) (young) (initial-mark) 574M->412M(1024M), 0.0095544 secs]
2021-03-28T21:37:38.875+0800: 0.725: [GC concurrent-root-region-scan-start]
2021-03-28T21:37:38.875+0800: 0.725: [GC concurrent-root-region-scan-end, 0.0002699 secs]
2021-03-28T21:37:38.875+0800: 0.725: [GC concurrent-mark-start]
2021-03-28T21:37:38.877+0800: 0.727: [GC concurrent-mark-end, 0.0020203 secs]
2021-03-28T21:37:38.878+0800: 0.727: [GC remark, 0.0016986 secs]
2021-03-28T21:37:38.879+0800: 0.729: [GC cleanup 425M->415M(1024M), 0.0010743 secs]
2021-03-28T21:37:38.880+0800: 0.730: [GC concurrent-cleanup-start]
2021-03-28T21:37:38.881+0800: 0.730: [GC concurrent-cleanup-end, 0.0000580 secs]
2021-03-28T21:37:38.961+0800: 0.811: [GC pause (G1 Evacuation Pause) (young) 796M->478M(1024M), 0.0220543 secs]
2021-03-28T21:37:38.984+0800: 0.834: [GC pause (G1 Evacuation Pause) (mixed) 485M->404M(1024M), 0.0072920 secs]
2021-03-28T21:37:38.994+0800: 0.844: [GC pause (G1 Humongous Allocation) (young) (initial-mark) 424M->409M(1024M), 0.0032496 secs]
2021-03-28T21:37:38.998+0800: 0.848: [GC concurrent-root-region-scan-start]
2021-03-28T21:37:38.998+0800: 0.848: [GC concurrent-root-region-scan-end, 0.0001801 secs]
2021-03-28T21:37:38.998+0800: 0.848: [GC concurrent-mark-start]
2021-03-28T21:37:39.000+0800: 0.850: [GC concurrent-mark-end, 0.0020006 secs]
2021-03-28T21:37:39.001+0800: 0.850: [GC remark, 0.0019630 secs]
2021-03-28T21:37:39.003+0800: 0.852: [GC cleanup 431M->427M(1024M), 0.0010214 secs]
2021-03-28T21:37:39.004+0800: 0.854: [GC concurrent-cleanup-start]
2021-03-28T21:37:39.004+0800: 0.854: [GC concurrent-cleanup-end, 0.0000117 secs]
2021-03-28T21:37:39.051+0800: 0.900: [GC pause (G1 Evacuation Pause) (young) 822M->505M(1024M), 0.0110350 secs]
2021-03-28T21:37:39.063+0800: 0.913: [GC pause (G1 Evacuation Pause) (mixed) 516M->453M(1024M), 0.0071169 secs]
2021-03-28T21:37:39.071+0800: 0.921: [GC pause (G1 Humongous Allocation) (young) (initial-mark) 454M->454M(1024M), 0.0020454 secs]
2021-03-28T21:37:39.073+0800: 0.923: [GC concurrent-root-region-scan-start]
2021-03-28T21:37:39.073+0800: 0.923: [GC concurrent-root-region-scan-end, 0.0001634 secs]
2021-03-28T21:37:39.073+0800: 0.923: [GC concurrent-mark-start]
2021-03-28T21:37:39.076+0800: 0.926: [GC concurrent-mark-end, 0.0031238 secs]
2021-03-28T21:37:39.076+0800: 0.926: [GC remark, 0.0023332 secs]
2021-03-28T21:37:39.079+0800: 0.929: [GC cleanup 482M->477M(1024M), 0.0013770 secs]
2021-03-28T21:37:39.080+0800: 0.931: [GC concurrent-cleanup-start]
2021-03-28T21:37:39.080+0800: 0.931: [GC concurrent-cleanup-end, 0.0000117 secs]
2021-03-28T21:37:39.125+0800: 0.974: [GC pause (G1 Evacuation Pause) (young) 816M->525M(1024M), 0.0082084 secs]
2021-03-28T21:37:39.135+0800: 0.985: [GC pause (G1 Evacuation Pause) (mixed) 546M->460M(1024M), 0.0069733 secs]
2021-03-28T21:37:39.143+0800: 0.992: [GC pause (G1 Humongous Allocation) (young) (initial-mark) 462M->460M(1024M), 0.0023795 secs]
2021-03-28T21:37:39.145+0800: 0.995: [GC concurrent-root-region-scan-start]
2021-03-28T21:37:39.145+0800: 0.995: [GC concurrent-root-region-scan-end, 0.0001641 secs]
2021-03-28T21:37:39.145+0800: 0.995: [GC concurrent-mark-start]
2021-03-28T21:37:39.148+0800: 0.997: [GC concurrent-mark-end, 0.0021344 secs]
2021-03-28T21:37:39.148+0800: 0.997: [GC remark, 0.0020768 secs]
2021-03-28T21:37:39.150+0800: 0.999: [GC cleanup 480M->475M(1024M), 0.0011998 secs]
2021-03-28T21:37:39.151+0800: 1.001: [GC concurrent-cleanup-start]
2021-03-28T21:37:39.151+0800: 1.001: [GC concurrent-cleanup-end, 0.0000113 secs]
2021-03-28T21:37:39.197+0800: 1.046: [GC pause (G1 Evacuation Pause) (young)-- 853M->632M(1024M), 0.0074105 secs]
2021-03-28T21:37:39.206+0800: 1.055: [GC pause (G1 Evacuation Pause) (mixed) 647M->568M(1024M), 0.0066279 secs]
2021-03-28T21:37:39.213+0800: 1.063: [GC pause (G1 Humongous Allocation) (young) (initial-mark) 571M->568M(1024M), 0.0020345 secs]
2021-03-28T21:37:39.215+0800: 1.065: [GC concurrent-root-region-scan-start]
2021-03-28T21:37:39.216+0800: 1.065: [GC concurrent-root-region-scan-end, 0.0001484 secs]
2021-03-28T21:37:39.216+0800: 1.065: [GC concurrent-mark-start]
2021-03-28T21:37:39.218+0800: 1.068: [GC concurrent-mark-end, 0.0023715 secs]
2021-03-28T21:37:39.218+0800: 1.068: [GC remark, 0.0024192 secs]
2021-03-28T21:37:39.221+0800: 1.070: [GC cleanup 591M->588M(1024M), 0.0011907 secs]
2021-03-28T21:37:39.222+0800: 1.072: [GC concurrent-cleanup-start]
2021-03-28T21:37:39.222+0800: 1.072: [GC concurrent-cleanup-end, 0.0000244 secs]
2021-03-28T21:37:39.260+0800: 1.110: [GC pause (G1 Evacuation Pause) (young) 862M->629M(1024M), 0.0068653 secs]
2021-03-28T21:37:39.271+0800: 1.120: [GC pause (G1 Evacuation Pause) (mixed) 655M->539M(1024M), 0.0050157 secs]
