Java HotSpot(TM) 64-Bit Server VM (25.181-b13) for windows-amd64 JRE (1.8.0_181-b13), built on Jul  7 2018 04:01:33 by "java_re" with MS VC++ 10.0 (VS2010)
Memory: 4k page, physical 33125424k(24460540k free), swap 38106160k(28239228k free)
CommandLine flags: -XX:InitialHeapSize=268435456 -XX:MaxHeapSize=268435456 -XX:+PrintGC -XX:+PrintGCDateStamps -XX:+PrintGCTimeStamps -XX:+UseCompressedClassPointers -XX:+UseCompressedOops -XX:+UseG1GC -XX:-UseLargePagesIndividualAllocation 
2021-03-28T21:34:23.082+0800: 0.295: [GC pause (G1 Evacuation Pause) (young) 30M->10M(256M), 0.0037999 secs]
2021-03-28T21:34:23.096+0800: 0.309: [GC pause (G1 Evacuation Pause) (young) 42M->21M(256M), 0.0035946 secs]
2021-03-28T21:34:23.119+0800: 0.331: [GC pause (G1 Evacuation Pause) (young) 84M->49M(256M), 0.0064004 secs]
2021-03-28T21:34:23.139+0800: 0.351: [GC pause (G1 Evacuation Pause) (young) 117M->73M(256M), 0.0058942 secs]
2021-03-28T21:34:23.160+0800: 0.372: [GC pause (G1 Evacuation Pause) (young) 148M->95M(256M), 0.0066429 secs]
2021-03-28T21:34:23.171+0800: 0.383: [GC pause (G1 Humongous Allocation) (young) (initial-mark) 124M->103M(256M), 0.0042492 secs]
2021-03-28T21:34:23.175+0800: 0.387: [GC concurrent-root-region-scan-start]
2021-03-28T21:34:23.176+0800: 0.387: [GC concurrent-root-region-scan-end, 0.0001936 secs]
2021-03-28T21:34:23.176+0800: 0.387: [GC concurrent-mark-start]
2021-03-28T21:34:23.177+0800: 0.388: [GC concurrent-mark-end, 0.0010025 secs]
2021-03-28T21:34:23.177+0800: 0.389: [GC remark, 0.0015757 secs]
2021-03-28T21:34:23.178+0800: 0.390: [GC cleanup 111M->111M(256M), 0.0007465 secs]
2021-03-28T21:34:23.198+0800: 0.410: [GC pause (G1 Evacuation Pause) (young)-- 206M->176M(256M), 0.0060320 secs]
2021-03-28T21:34:23.204+0800: 0.416: [GC pause (G1 Humongous Allocation) (young) (initial-mark) 177M->177M(256M), 0.0023715 secs]
2021-03-28T21:34:23.206+0800: 0.418: [GC concurrent-root-region-scan-start]
2021-03-28T21:34:23.206+0800: 0.418: [GC concurrent-root-region-scan-end, 0.0000467 secs]
2021-03-28T21:34:23.206+0800: 0.418: [GC concurrent-mark-start]
2021-03-28T21:34:23.207+0800: 0.419: [GC concurrent-mark-end, 0.0009853 secs]
2021-03-28T21:34:23.207+0800: 0.419: [GC remark, 0.0014014 secs]
2021-03-28T21:34:23.209+0800: 0.421: [GC cleanup 185M->185M(256M), 0.0005455 secs]
2021-03-28T21:34:23.212+0800: 0.424: [GC pause (G1 Evacuation Pause) (young) 202M->187M(256M), 0.0021786 secs]
2021-03-28T21:34:23.215+0800: 0.427: [GC pause (G1 Evacuation Pause) (mixed) 197M->165M(256M), 0.0018088 secs]
2021-03-28T21:34:23.219+0800: 0.431: [GC pause (G1 Evacuation Pause) (mixed) 178M->153M(256M), 0.0029181 secs]
2021-03-28T21:34:23.224+0800: 0.436: [GC pause (G1 Evacuation Pause) (mixed) 167M->152M(256M), 0.0017552 secs]
2021-03-28T21:34:23.226+0800: 0.438: [GC pause (G1 Humongous Allocation) (young) (initial-mark) 152M->152M(256M), 0.0010856 secs]
2021-03-28T21:34:23.227+0800: 0.439: [GC concurrent-root-region-scan-start]
2021-03-28T21:34:23.227+0800: 0.439: [GC concurrent-root-region-scan-end, 0.0000861 secs]
2021-03-28T21:34:23.227+0800: 0.439: [GC concurrent-mark-start]
2021-03-28T21:34:23.228+0800: 0.440: [GC concurrent-mark-end, 0.0013249 secs]
2021-03-28T21:34:23.228+0800: 0.440: [GC remark, 0.0013613 secs]
2021-03-28T21:34:23.230+0800: 0.442: [GC cleanup 167M->167M(256M), 0.0006892 secs]
2021-03-28T21:34:23.235+0800: 0.447: [GC pause (G1 Evacuation Pause) (young) 202M->170M(256M), 0.0034272 secs]
2021-03-28T21:34:23.240+0800: 0.452: [GC pause (G1 Evacuation Pause) (mixed) 178M->167M(256M), 0.0024181 secs]
2021-03-28T21:34:23.243+0800: 0.455: [GC pause (G1 Humongous Allocation) (young) (initial-mark) 168M->167M(256M), 0.0013172 secs]
2021-03-28T21:34:23.244+0800: 0.456: [GC concurrent-root-region-scan-start]
2021-03-28T21:34:23.244+0800: 0.456: [GC concurrent-root-region-scan-end, 0.0001003 secs]
2021-03-28T21:34:23.244+0800: 0.456: [GC concurrent-mark-start]
2021-03-28T21:34:23.245+0800: 0.457: [GC concurrent-mark-end, 0.0009959 secs]
2021-03-28T21:34:23.245+0800: 0.457: [GC remark, 0.0012173 secs]
2021-03-28T21:34:23.246+0800: 0.459: [GC cleanup 177M->177M(256M), 0.0004402 secs]
2021-03-28T21:34:23.249+0800: 0.462: [GC pause (G1 Evacuation Pause) (young) 196M->177M(256M), 0.0026052 secs]
2021-03-28T21:34:23.253+0800: 0.465: [GC pause (G1 Evacuation Pause) (mixed) 186M->172M(256M), 0.0029225 secs]
2021-03-28T21:34:23.257+0800: 0.469: [GC pause (G1 Humongous Allocation) (young) (initial-mark) 172M->172M(256M), 0.0012964 secs]
2021-03-28T21:34:23.258+0800: 0.470: [GC concurrent-root-region-scan-start]
2021-03-28T21:34:23.258+0800: 0.470: [GC concurrent-root-region-scan-end, 0.0000777 secs]
2021-03-28T21:34:23.258+0800: 0.470: [GC concurrent-mark-start]
2021-03-28T21:34:23.259+0800: 0.471: [GC concurrent-mark-end, 0.0010204 secs]
2021-03-28T21:34:23.259+0800: 0.471: [GC remark, 0.0012417 secs]
2021-03-28T21:34:23.260+0800: 0.472: [GC cleanup 183M->183M(256M), 0.0004580 secs]
2021-03-28T21:34:23.264+0800: 0.476: [GC pause (G1 Evacuation Pause) (young) 201M->181M(256M), 0.0025589 secs]
2021-03-28T21:34:23.268+0800: 0.480: [GC pause (G1 Evacuation Pause) (mixed) 194M->185M(256M), 0.0030042 secs]
2021-03-28T21:34:23.272+0800: 0.484: [GC pause (G1 Humongous Allocation) (young) (initial-mark) 189M->185M(256M), 0.0007910 secs]
2021-03-28T21:34:23.272+0800: 0.484: [GC concurrent-root-region-scan-start]
2021-03-28T21:34:23.272+0800: 0.485: [GC concurrent-root-region-scan-end, 0.0000751 secs]
2021-03-28T21:34:23.272+0800: 0.485: [GC concurrent-mark-start]
2021-03-28T21:34:23.274+0800: 0.486: [GC concurrent-mark-end, 0.0010586 secs]
2021-03-28T21:34:23.274+0800: 0.486: [GC remark, 0.0011531 secs]
2021-03-28T21:34:23.275+0800: 0.487: [GC cleanup 195M->195M(256M), 0.0004143 secs]
2021-03-28T21:34:23.276+0800: 0.488: [GC pause (G1 Evacuation Pause) (young) 197M->187M(256M), 0.0009872 secs]
2021-03-28T21:34:23.278+0800: 0.490: [GC pause (G1 Evacuation Pause) (mixed) 201M->187M(256M), 0.0023627 secs]
2021-03-28T21:34:23.282+0800: 0.494: [GC pause (G1 Evacuation Pause) (young) 197M->190M(256M), 0.0010240 secs]
2021-03-28T21:34:23.283+0800: 0.495: [GC pause (G1 Humongous Allocation) (young) (initial-mark) 191M->190M(256M), 0.0007417 secs]
2021-03-28T21:34:23.284+0800: 0.496: [GC concurrent-root-region-scan-start]
2021-03-28T21:34:23.284+0800: 0.496: [GC concurrent-root-region-scan-end, 0.0000317 secs]
2021-03-28T21:34:23.284+0800: 0.496: [GC concurrent-mark-start]
2021-03-28T21:34:23.285+0800: 0.497: [GC concurrent-mark-end, 0.0010871 secs]
2021-03-28T21:34:23.285+0800: 0.497: [GC remark, 0.0012001 secs]
2021-03-28T21:34:23.286+0800: 0.498: [GC cleanup 203M->203M(256M), 0.0004704 secs]
2021-03-28T21:34:23.287+0800: 0.499: [GC pause (G1 Evacuation Pause) (young) 206M->196M(256M), 0.0013154 secs]
2021-03-28T21:34:23.290+0800: 0.502: [GC pause (G1 Evacuation Pause) (mixed)-- 207M->204M(256M), 0.0025611 secs]
2021-03-28T21:34:23.293+0800: 0.505: [GC pause (G1 Humongous Allocation) (young) (initial-mark) 205M->204M(256M), 0.0009007 secs]
2021-03-28T21:34:23.294+0800: 0.506: [GC concurrent-root-region-scan-start]
2021-03-28T21:34:23.294+0800: 0.506: [GC concurrent-root-region-scan-end, 0.0000784 secs]
2021-03-28T21:34:23.294+0800: 0.506: [GC concurrent-mark-start]
2021-03-28T21:34:23.295+0800: 0.507: [GC concurrent-mark-end, 0.0010995 secs]
2021-03-28T21:34:23.295+0800: 0.507: [GC remark, 0.0011688 secs]
2021-03-28T21:34:23.296+0800: 0.508: [GC cleanup 214M->214M(256M), 0.0004230 secs]
2021-03-28T21:34:23.297+0800: 0.509: [GC pause (G1 Humongous Allocation) (young)-- 216M->214M(256M), 0.0010477 secs]
2021-03-28T21:34:23.298+0800: 0.510: [GC pause (G1 Humongous Allocation) (mixed)-- 217M->215M(256M), 0.0008271 secs]
2021-03-28T21:34:23.299+0800: 0.511: [GC pause (G1 Evacuation Pause) (young) (initial-mark)-- 217M->217M(256M), 0.0006881 secs]
2021-03-28T21:34:23.300+0800: 0.512: [GC concurrent-root-region-scan-start]
2021-03-28T21:34:23.300+0800: 0.512: [GC concurrent-root-region-scan-end, 0.0000069 secs]
2021-03-28T21:34:23.300+0800: 0.512: [GC concurrent-mark-start]
2021-03-28T21:34:23.300+0800: 0.512: [Full GC (Allocation Failure)  217M->179M(256M), 0.0164285 secs]
2021-03-28T21:34:23.316+0800: 0.529: [GC concurrent-mark-abort]
2021-03-28T21:34:23.318+0800: 0.530: [GC pause (G1 Humongous Allocation) (young) (initial-mark) 186M->180M(256M), 0.0015404 secs]
2021-03-28T21:34:23.320+0800: 0.532: [GC concurrent-root-region-scan-start]
2021-03-28T21:34:23.320+0800: 0.532: [GC concurrent-root-region-scan-end, 0.0000795 secs]
2021-03-28T21:34:23.320+0800: 0.532: [GC concurrent-mark-start]
2021-03-28T21:34:23.321+0800: 0.533: [GC concurrent-mark-end, 0.0011334 secs]
2021-03-28T21:34:23.321+0800: 0.533: [GC remark, 0.0014696 secs]
2021-03-28T21:34:23.323+0800: 0.535: [GC cleanup 192M->192M(256M), 0.0006364 secs]
2021-03-28T21:34:23.324+0800: 0.536: [GC pause (G1 Evacuation Pause) (young)-- 194M->186M(256M), 0.0012778 secs]
2021-03-28T21:34:23.326+0800: 0.538: [GC pause (G1 Humongous Allocation) (mixed)-- 197M->193M(256M), 0.0010747 secs]
2021-03-28T21:34:23.328+0800: 0.540: [GC pause (G1 Humongous Allocation) (young) (initial-mark) 196M->193M(256M), 0.0006783 secs]
2021-03-28T21:34:23.328+0800: 0.541: [GC concurrent-root-region-scan-start]
2021-03-28T21:34:23.328+0800: 0.541: [GC concurrent-root-region-scan-end, 0.0000602 secs]
2021-03-28T21:34:23.328+0800: 0.541: [GC concurrent-mark-start]
2021-03-28T21:34:23.329+0800: 0.541: [GC pause (G1 Humongous Allocation) (young)-- 197M->197M(256M), 0.0008708 secs]
2021-03-28T21:34:23.330+0800: 0.542: [Full GC (Allocation Failure)  197M->187M(256M), 0.0158487 secs]
2021-03-28T21:34:23.346+0800: 0.558: [GC concurrent-mark-abort]
2021-03-28T21:34:23.346+0800: 0.559: [GC pause (G1 Humongous Allocation) (young) (initial-mark) 191M->188M(256M), 0.0024918 secs]
2021-03-28T21:34:23.349+0800: 0.561: [GC concurrent-root-region-scan-start]
2021-03-28T21:34:23.349+0800: 0.561: [GC concurrent-root-region-scan-end, 0.0001203 secs]
2021-03-28T21:34:23.349+0800: 0.561: [GC concurrent-mark-start]
2021-03-28T21:34:23.350+0800: 0.562: [GC pause (G1 Humongous Allocation) (young)-- 198M->195M(256M), 0.0008387 secs]
2021-03-28T21:34:23.352+0800: 0.564: [GC concurrent-mark-end, 0.0023788 secs]
2021-03-28T21:34:23.352+0800: 0.564: [GC remark, 0.0011535 secs]
2021-03-28T21:34:23.353+0800: 0.565: [GC cleanup 199M->199M(256M), 0.0004723 secs]
2021-03-28T21:34:23.353+0800: 0.566: [GC pause (G1 Evacuation Pause) (young)-- 200M->198M(256M), 0.0007720 secs]
2021-03-28T21:34:23.354+0800: 0.567: [GC pause (G1 Humongous Allocation) (young)-- 199M->199M(256M), 0.0007355 secs]
2021-03-28T21:34:23.355+0800: 0.568: [GC pause (G1 Evacuation Pause) (young) 199M->199M(256M), 0.0005937 secs]
2021-03-28T21:34:23.356+0800: 0.568: [GC pause (G1 Evacuation Pause) (young) 199M->199M(256M), 0.0006356 secs]
2021-03-28T21:34:23.357+0800: 0.569: [Full GC (Allocation Failure)  199M->189M(256M), 0.0149417 secs]
2021-03-28T21:34:23.372+0800: 0.584: [GC pause (G1 Humongous Allocation) (young) (initial-mark) 191M->189M(256M), 0.0023861 secs]
2021-03-28T21:34:23.374+0800: 0.587: [GC concurrent-root-region-scan-start]
2021-03-28T21:34:23.375+0800: 0.587: [GC concurrent-root-region-scan-end, 0.0000580 secs]
2021-03-28T21:34:23.375+0800: 0.587: [GC concurrent-mark-start]
2021-03-28T21:34:23.376+0800: 0.588: [GC concurrent-mark-end, 0.0011046 secs]
2021-03-28T21:34:23.376+0800: 0.588: [GC remark, 0.0015313 secs]
2021-03-28T21:34:23.378+0800: 0.590: [GC cleanup 199M->199M(256M), 0.0012435 secs]
2021-03-28T21:34:23.379+0800: 0.591: [GC pause (G1 Humongous Allocation) (young)-- 199M->195M(256M), 0.0010528 secs]
2021-03-28T21:34:23.380+0800: 0.593: [GC pause (G1 Humongous Allocation) (young) (initial-mark) 200M->196M(256M), 0.0007483 secs]
2021-03-28T21:34:23.381+0800: 0.594: [GC concurrent-root-region-scan-start]
2021-03-28T21:34:23.381+0800: 0.594: [GC concurrent-root-region-scan-end, 0.0000638 secs]
2021-03-28T21:34:23.381+0800: 0.594: [GC concurrent-mark-start]
2021-03-28T21:34:23.382+0800: 0.594: [GC pause (G1 Humongous Allocation) (young)-- 200M->199M(256M), 0.0009511 secs]
2021-03-28T21:34:23.383+0800: 0.595: [GC pause (G1 Evacuation Pause) (young) 200M->200M(256M), 0.0006571 secs]
2021-03-28T21:34:23.384+0800: 0.596: [GC pause (G1 Evacuation Pause) (young) 200M->200M(256M), 0.0006338 secs]
2021-03-28T21:34:23.384+0800: 0.597: [Full GC (Allocation Failure)  200M->192M(256M), 0.0116527 secs]
2021-03-28T21:34:23.396+0800: 0.609: [GC concurrent-mark-abort]
2021-03-28T21:34:23.397+0800: 0.609: [GC pause (G1 Humongous Allocation) (young) (initial-mark) 196M->192M(256M), 0.0026559 secs]
2021-03-28T21:34:23.400+0800: 0.612: [GC concurrent-root-region-scan-start]
2021-03-28T21:34:23.400+0800: 0.612: [GC concurrent-root-region-scan-end, 0.0001925 secs]
2021-03-28T21:34:23.400+0800: 0.612: [GC concurrent-mark-start]
2021-03-28T21:34:23.401+0800: 0.613: [GC pause (G1 Evacuation Pause) (young)-- 200M->198M(256M), 0.0012858 secs]
2021-03-28T21:34:23.403+0800: 0.615: [GC concurrent-mark-end, 0.0027985 secs]
2021-03-28T21:34:23.403+0800: 0.615: [GC pause (G1 Evacuation Pause) (young)-- 201M->201M(256M), 0.0007567 secs]
2021-03-28T21:34:23.404+0800: 0.616: [Full GC (Allocation Failure)  201M->191M(256M), 0.0156532 secs]
2021-03-28T21:34:23.419+0800: 0.632: [GC remark, 0.0000175 secs]
2021-03-28T21:34:23.420+0800: 0.632: [GC concurrent-mark-abort]
2021-03-28T21:34:23.420+0800: 0.632: [GC pause (G1 Humongous Allocation) (young) (initial-mark) 194M->192M(256M), 0.0025042 secs]
2021-03-28T21:34:23.422+0800: 0.635: [GC concurrent-root-region-scan-start]
2021-03-28T21:34:23.423+0800: 0.635: [GC concurrent-root-region-scan-end, 0.0002006 secs]
2021-03-28T21:34:23.423+0800: 0.635: [GC concurrent-mark-start]
2021-03-28T21:34:23.424+0800: 0.636: [GC pause (G1 Evacuation Pause) (young)-- 200M->198M(256M), 0.0019371 secs]
2021-03-28T21:34:23.426+0800: 0.638: [GC concurrent-mark-end, 0.0031621 secs]
2021-03-28T21:34:23.426+0800: 0.638: [GC remark, 0.0011400 secs]
2021-03-28T21:34:23.427+0800: 0.640: [GC cleanup 200M->200M(256M), 0.0004274 secs]
2021-03-28T21:34:23.428+0800: 0.640: [GC pause (G1 Humongous Allocation) (young)-- 201M->201M(256M), 0.0007315 secs]
2021-03-28T21:34:23.429+0800: 0.641: [Full GC (Allocation Failure)  201M->193M(256M), 0.0133933 secs]
2021-03-28T21:34:23.443+0800: 0.656: [GC pause (G1 Humongous Allocation) (young) (initial-mark) 197M->194M(256M), 0.0024138 secs]
2021-03-28T21:34:23.446+0800: 0.658: [GC concurrent-root-region-scan-start]
2021-03-28T21:34:23.446+0800: 0.658: [GC concurrent-root-region-scan-end, 0.0001765 secs]
2021-03-28T21:34:23.446+0800: 0.658: [GC concurrent-mark-start]
2021-03-28T21:34:23.446+0800: 0.659: [GC pause (G1 Humongous Allocation) (young)-- 198M->197M(256M), 0.0019700 secs]
2021-03-28T21:34:23.449+0800: 0.661: [GC pause (G1 Evacuation Pause) (young) 198M->198M(256M), 0.0006229 secs]
2021-03-28T21:34:23.449+0800: 0.662: [GC pause (G1 Evacuation Pause) (young) 198M->198M(256M), 0.0006309 secs]
2021-03-28T21:34:23.450+0800: 0.662: [Full GC (Allocation Failure)  198M->194M(256M), 0.0093538 secs]
2021-03-28T21:34:23.459+0800: 0.672: [GC concurrent-mark-abort]
2021-03-28T21:34:23.460+0800: 0.673: [GC pause (G1 Humongous Allocation) (young) (initial-mark) 198M->195M(256M), 0.0021559 secs]
2021-03-28T21:34:23.463+0800: 0.675: [GC concurrent-root-region-scan-start]
2021-03-28T21:34:23.463+0800: 0.675: [GC concurrent-root-region-scan-end, 0.0001495 secs]
2021-03-28T21:34:23.463+0800: 0.675: [GC concurrent-mark-start]
2021-03-28T21:34:23.463+0800: 0.675: [GC pause (G1 Evacuation Pause) (young)-- 198M->197M(256M), 0.0016290 secs]
2021-03-28T21:34:23.465+0800: 0.678: [GC pause (G1 Humongous Allocation) (young)-- 198M->198M(256M), 0.0008982 secs]
2021-03-28T21:34:23.466+0800: 0.679: [Full GC (Allocation Failure)  198M->196M(256M), 0.0120236 secs]
2021-03-28T21:34:23.479+0800: 0.691: [GC concurrent-mark-abort]
2021-03-28T21:34:23.479+0800: 0.691: [GC pause (G1 Humongous Allocation) (young) (initial-mark) 197M->196M(256M), 0.0020502 secs]
2021-03-28T21:34:23.481+0800: 0.693: [GC concurrent-root-region-scan-start]
2021-03-28T21:34:23.481+0800: 0.693: [GC concurrent-root-region-scan-end, 0.0001240 secs]
2021-03-28T21:34:23.481+0800: 0.693: [GC concurrent-mark-start]
2021-03-28T21:34:23.481+0800: 0.693: [GC pause (G1 Humongous Allocation) (young)-- 197M->197M(256M), 0.0008949 secs]
2021-03-28T21:34:23.482+0800: 0.694: [Full GC (Allocation Failure)  197M->197M(256M), 0.0026931 secs]
2021-03-28T21:34:23.485+0800: 0.697: [GC concurrent-mark-abort]
2021-03-28T21:34:23.485+0800: 0.697: [GC pause (G1 Evacuation Pause) (young)-- 198M->198M(256M), 0.0007184 secs]
2021-03-28T21:34:23.486+0800: 0.698: [Full GC (Allocation Failure)  198M->197M(256M), 0.0042018 secs]
2021-03-28T21:34:23.490+0800: 0.702: [GC pause (G1 Evacuation Pause) (young)-- 198M->198M(256M), 0.0016144 secs]
2021-03-28T21:34:23.492+0800: 0.704: [Full GC (Allocation Failure)  198M->197M(256M), 0.0027741 secs]
2021-03-28T21:34:23.495+0800: 0.707: [GC pause (G1 Evacuation Pause) (young)-- 198M->198M(256M), 0.0013708 secs]
2021-03-28T21:34:23.497+0800: 0.709: [GC pause (G1 Evacuation Pause) (young) (initial-mark)-- 199M->199M(256M), 0.0010802 secs]
2021-03-28T21:34:23.498+0800: 0.710: [GC concurrent-root-region-scan-start]
2021-03-28T21:34:23.498+0800: 0.710: [GC concurrent-root-region-scan-end, 0.0000073 secs]
2021-03-28T21:34:23.498+0800: 0.710: [GC concurrent-mark-start]
2021-03-28T21:34:23.498+0800: 0.710: [Full GC (Allocation Failure)  199M->197M(256M), 0.0101951 secs]
2021-03-28T21:34:23.508+0800: 0.720: [GC concurrent-mark-abort]
2021-03-28T21:34:23.509+0800: 0.721: [GC pause (G1 Humongous Allocation) (young) (initial-mark)-- 199M->198M(256M), 0.0022063 secs]
2021-03-28T21:34:23.511+0800: 0.723: [GC concurrent-root-region-scan-start]
2021-03-28T21:34:23.511+0800: 0.723: [GC concurrent-root-region-scan-end, 0.0000062 secs]
2021-03-28T21:34:23.511+0800: 0.723: [GC concurrent-mark-start]
2021-03-28T21:34:23.511+0800: 0.723: [GC pause (G1 Evacuation Pause) (young) 199M->199M(256M), 0.0008508 secs]
2021-03-28T21:34:23.512+0800: 0.724: [GC pause (G1 Evacuation Pause) (young) 199M->199M(256M), 0.0005999 secs]
2021-03-28T21:34:23.513+0800: 0.725: [Full GC (Allocation Failure)  199M->198M(256M), 0.0057137 secs]
2021-03-28T21:34:23.518+0800: 0.730: [GC concurrent-mark-abort]
2021-03-28T21:34:23.519+0800: 0.731: [GC pause (G1 Evacuation Pause) (young)-- 199M->199M(256M), 0.0020578 secs]
2021-03-28T21:34:23.521+0800: 0.733: [Full GC (Allocation Failure)  199M->198M(256M), 0.0030968 secs]
2021-03-28T21:34:23.524+0800: 0.736: [GC pause (G1 Humongous Allocation) (young) (initial-mark)-- 199M->199M(256M), 0.0015484 secs]
2021-03-28T21:34:23.526+0800: 0.738: [GC concurrent-root-region-scan-start]
2021-03-28T21:34:23.526+0800: 0.738: [GC concurrent-root-region-scan-end, 0.0000073 secs]
2021-03-28T21:34:23.526+0800: 0.738: [GC concurrent-mark-start]
2021-03-28T21:34:23.526+0800: 0.738: [GC pause (G1 Humongous Allocation) (young) 199M->199M(256M), 0.0006280 secs]
2021-03-28T21:34:23.526+0800: 0.739: [Full GC (Allocation Failure)  199M->198M(256M), 0.0025388 secs]
2021-03-28T21:34:23.529+0800: 0.741: [GC concurrent-mark-abort]
2021-03-28T21:34:23.529+0800: 0.741: [GC pause (G1 Evacuation Pause) (young) 199M->199M(256M), 0.0006699 secs]
2021-03-28T21:34:23.530+0800: 0.742: [GC pause (G1 Evacuation Pause) (young) (initial-mark) 199M->199M(256M), 0.0006105 secs]
2021-03-28T21:34:23.531+0800: 0.743: [GC concurrent-root-region-scan-start]
2021-03-28T21:34:23.531+0800: 0.743: [GC concurrent-root-region-scan-end, 0.0000058 secs]
2021-03-28T21:34:23.531+0800: 0.743: [GC concurrent-mark-start]
2021-03-28T21:34:23.531+0800: 0.743: [Full GC (Allocation Failure)  199M->199M(256M), 0.0024189 secs]
2021-03-28T21:34:23.533+0800: 0.745: [Full GC (Allocation Failure)  199M->199M(256M), 0.0026344 secs]
2021-03-28T21:34:23.536+0800: 0.748: [GC concurrent-mark-abort]
2021-03-28T21:34:23.536+0800: 0.748: [GC pause (G1 Evacuation Pause) (young) 199M->198M(256M), 0.0006666 secs]
