Java HotSpot(TM) 64-Bit Server VM (25.181-b13) for windows-amd64 JRE (1.8.0_181-b13), built on Jul  7 2018 04:01:33 by "java_re" with MS VC++ 10.0 (VS2010)
Memory: 4k page, physical 33125424k(24420948k free), swap 38106160k(28210384k free)
CommandLine flags: -XX:InitialHeapSize=536870912 -XX:MaxHeapSize=536870912 -XX:+PrintGC -XX:+PrintGCDateStamps -XX:+PrintGCTimeStamps -XX:+UseCompressedClassPointers -XX:+UseCompressedOops -XX:+UseG1GC -XX:-UseLargePagesIndividualAllocation 
2021-03-28T21:35:52.640+0800: 0.302: [GC pause (G1 Evacuation Pause) (young) 33M->12M(512M), 0.0041266 secs]
2021-03-28T21:35:52.655+0800: 0.317: [GC pause (G1 Evacuation Pause) (young) 44M->23M(512M), 0.0045737 secs]
2021-03-28T21:35:52.674+0800: 0.336: [GC pause (G1 Evacuation Pause) (young) 72M->42M(512M), 0.0048585 secs]
2021-03-28T21:35:52.709+0800: 0.371: [GC pause (G1 Evacuation Pause) (young) 139M->69M(512M), 0.0074349 secs]
2021-03-28T21:35:52.740+0800: 0.403: [GC pause (G1 Evacuation Pause) (young) 186M->105M(512M), 0.0093170 secs]
2021-03-28T21:35:52.775+0800: 0.437: [GC pause (G1 Evacuation Pause) (young) 242M->156M(512M), 0.0113796 secs]
2021-03-28T21:35:52.831+0800: 0.493: [GC pause (G1 Humongous Allocation) (young) (initial-mark) 344M->205M(512M), 0.0118391 secs]
2021-03-28T21:35:52.843+0800: 0.505: [GC concurrent-root-region-scan-start]
2021-03-28T21:35:52.843+0800: 0.505: [GC concurrent-root-region-scan-end, 0.0002680 secs]
2021-03-28T21:35:52.843+0800: 0.505: [GC concurrent-mark-start]
2021-03-28T21:35:52.845+0800: 0.507: [GC concurrent-mark-end, 0.0014591 secs]
2021-03-28T21:35:52.845+0800: 0.507: [GC remark, 0.0021625 secs]
2021-03-28T21:35:52.847+0800: 0.509: [GC cleanup 218M->218M(512M), 0.0017493 secs]
2021-03-28T21:35:52.876+0800: 0.538: [GC pause (G1 Evacuation Pause) (young)-- 402M->287M(512M), 0.0117144 secs]
2021-03-28T21:35:52.889+0800: 0.551: [GC pause (G1 Evacuation Pause) (mixed) 293M->282M(512M), 0.0041872 secs]
2021-03-28T21:35:52.893+0800: 0.555: [GC pause (G1 Humongous Allocation) (young) (initial-mark) 283M->283M(512M), 0.0012847 secs]
2021-03-28T21:35:52.894+0800: 0.556: [GC concurrent-root-region-scan-start]
2021-03-28T21:35:52.894+0800: 0.556: [GC concurrent-root-region-scan-end, 0.0000689 secs]
2021-03-28T21:35:52.894+0800: 0.556: [GC concurrent-mark-start]
2021-03-28T21:35:52.896+0800: 0.558: [GC concurrent-mark-end, 0.0013205 secs]
2021-03-28T21:35:52.896+0800: 0.558: [GC remark, 0.0012898 secs]
2021-03-28T21:35:52.897+0800: 0.559: [GC cleanup 296M->296M(512M), 0.0005532 secs]
2021-03-28T21:35:52.913+0800: 0.575: [GC pause (G1 Evacuation Pause) (young) 409M->323M(512M), 0.0049570 secs]
2021-03-28T21:35:52.919+0800: 0.581: [GC pause (G1 Evacuation Pause) (mixed) 336M->281M(512M), 0.0040843 secs]
2021-03-28T21:35:52.927+0800: 0.589: [GC pause (G1 Evacuation Pause) (mixed) 313M->274M(512M), 0.0035698 secs]
2021-03-28T21:35:52.931+0800: 0.593: [GC pause (G1 Humongous Allocation) (young) (initial-mark) 276M->276M(512M), 0.0017315 secs]
2021-03-28T21:35:52.932+0800: 0.595: [GC concurrent-root-region-scan-start]
2021-03-28T21:35:52.933+0800: 0.595: [GC concurrent-root-region-scan-end, 0.0000886 secs]
2021-03-28T21:35:52.933+0800: 0.595: [GC concurrent-mark-start]
2021-03-28T21:35:52.934+0800: 0.596: [GC concurrent-mark-end, 0.0013730 secs]
2021-03-28T21:35:52.934+0800: 0.596: [GC remark, 0.0013358 secs]
2021-03-28T21:35:52.935+0800: 0.598: [GC cleanup 288M->288M(512M), 0.0009376 secs]
2021-03-28T21:35:52.950+0800: 0.613: [GC pause (G1 Evacuation Pause) (young) 412M->317M(512M), 0.0050788 secs]
2021-03-28T21:35:52.957+0800: 0.619: [GC pause (G1 Evacuation Pause) (mixed) 330M->294M(512M), 0.0047302 secs]
2021-03-28T21:35:52.962+0800: 0.624: [GC pause (G1 Humongous Allocation) (young) (initial-mark) 295M->294M(512M), 0.0017610 secs]
2021-03-28T21:35:52.964+0800: 0.626: [GC concurrent-root-region-scan-start]
2021-03-28T21:35:52.964+0800: 0.626: [GC concurrent-root-region-scan-end, 0.0002848 secs]
2021-03-28T21:35:52.964+0800: 0.626: [GC concurrent-mark-start]
2021-03-28T21:35:52.966+0800: 0.628: [GC concurrent-mark-end, 0.0019678 secs]
2021-03-28T21:35:52.966+0800: 0.629: [GC remark, 0.0020681 secs]
2021-03-28T21:35:52.969+0800: 0.631: [GC cleanup 313M->311M(512M), 0.0012465 secs]
2021-03-28T21:35:52.970+0800: 0.632: [GC concurrent-cleanup-start]
2021-03-28T21:35:52.970+0800: 0.632: [GC concurrent-cleanup-end, 0.0000098 secs]
2021-03-28T21:35:52.981+0800: 0.643: [GC pause (G1 Evacuation Pause) (young) 409M->333M(512M), 0.0044661 secs]
2021-03-28T21:35:52.988+0800: 0.650: [GC pause (G1 Evacuation Pause) (mixed) 350M->316M(512M), 0.0047232 secs]
2021-03-28T21:35:52.993+0800: 0.655: [GC pause (G1 Humongous Allocation) (young) (initial-mark) 316M->315M(512M), 0.0015557 secs]
2021-03-28T21:35:52.995+0800: 0.657: [GC concurrent-root-region-scan-start]
2021-03-28T21:35:52.995+0800: 0.657: [GC concurrent-root-region-scan-end, 0.0001203 secs]
2021-03-28T21:35:52.995+0800: 0.657: [GC concurrent-mark-start]
2021-03-28T21:35:52.996+0800: 0.658: [GC concurrent-mark-end, 0.0014470 secs]
2021-03-28T21:35:52.996+0800: 0.659: [GC remark, 0.0015356 secs]
2021-03-28T21:35:52.998+0800: 0.660: [GC cleanup 330M->329M(512M), 0.0005091 secs]
2021-03-28T21:35:52.999+0800: 0.661: [GC concurrent-cleanup-start]
2021-03-28T21:35:52.999+0800: 0.661: [GC concurrent-cleanup-end, 0.0000080 secs]
2021-03-28T21:35:53.007+0800: 0.669: [GC pause (G1 Evacuation Pause) (young) 394M->338M(512M), 0.0041616 secs]
2021-03-28T21:35:53.014+0800: 0.676: [GC pause (G1 Evacuation Pause) (mixed) 358M->325M(512M), 0.0047141 secs]
2021-03-28T21:35:53.020+0800: 0.682: [GC pause (G1 Humongous Allocation) (young) (initial-mark) 336M->327M(512M), 0.0024860 secs]
2021-03-28T21:35:53.023+0800: 0.685: [GC concurrent-root-region-scan-start]
2021-03-28T21:35:53.023+0800: 0.685: [GC concurrent-root-region-scan-end, 0.0001047 secs]
2021-03-28T21:35:53.023+0800: 0.685: [GC concurrent-mark-start]
2021-03-28T21:35:53.024+0800: 0.687: [GC concurrent-mark-end, 0.0015272 secs]
2021-03-28T21:35:53.025+0800: 0.687: [GC remark, 0.0021672 secs]
2021-03-28T21:35:53.027+0800: 0.689: [GC cleanup 344M->344M(512M), 0.0015356 secs]
2021-03-28T21:35:53.035+0800: 0.697: [GC pause (G1 Evacuation Pause) (young) 399M->349M(512M), 0.0038524 secs]
2021-03-28T21:35:53.042+0800: 0.704: [GC pause (G1 Evacuation Pause) (mixed) 371M->333M(512M), 0.0051915 secs]
2021-03-28T21:35:53.047+0800: 0.710: [GC pause (G1 Humongous Allocation) (young) (initial-mark) 335M->334M(512M), 0.0017548 secs]
2021-03-28T21:35:53.049+0800: 0.711: [GC concurrent-root-region-scan-start]
2021-03-28T21:35:53.049+0800: 0.711: [GC concurrent-root-region-scan-end, 0.0000784 secs]
2021-03-28T21:35:53.049+0800: 0.711: [GC concurrent-mark-start]
2021-03-28T21:35:53.051+0800: 0.713: [GC concurrent-mark-end, 0.0014868 secs]
2021-03-28T21:35:53.051+0800: 0.713: [GC remark, 0.0016319 secs]
2021-03-28T21:35:53.052+0800: 0.715: [GC cleanup 347M->347M(512M), 0.0005736 secs]
2021-03-28T21:35:53.059+0800: 0.721: [GC pause (G1 Evacuation Pause) (young) 399M->349M(512M), 0.0037218 secs]
2021-03-28T21:35:53.065+0800: 0.728: [GC pause (G1 Evacuation Pause) (mixed) 369M->334M(512M), 0.0044592 secs]
2021-03-28T21:35:53.072+0800: 0.734: [GC pause (G1 Humongous Allocation) (young) (initial-mark) 344M->337M(512M), 0.0021891 secs]
2021-03-28T21:35:53.074+0800: 0.736: [GC concurrent-root-region-scan-start]
2021-03-28T21:35:53.074+0800: 0.736: [GC concurrent-root-region-scan-end, 0.0001798 secs]
2021-03-28T21:35:53.074+0800: 0.736: [GC concurrent-mark-start]
2021-03-28T21:35:53.076+0800: 0.738: [GC concurrent-mark-end, 0.0017869 secs]
2021-03-28T21:35:53.076+0800: 0.738: [GC remark, 0.0018037 secs]
2021-03-28T21:35:53.078+0800: 0.740: [GC cleanup 358M->357M(512M), 0.0008355 secs]
2021-03-28T21:35:53.079+0800: 0.741: [GC concurrent-cleanup-start]
2021-03-28T21:35:53.079+0800: 0.741: [GC concurrent-cleanup-end, 0.0000080 secs]
2021-03-28T21:35:53.084+0800: 0.746: [GC pause (G1 Evacuation Pause) (young) 398M->351M(512M), 0.0037339 secs]
2021-03-28T21:35:53.090+0800: 0.752: [GC pause (G1 Evacuation Pause) (mixed) 371M->339M(512M), 0.0046620 secs]
2021-03-28T21:35:53.096+0800: 0.759: [GC pause (G1 Humongous Allocation) (young) (initial-mark) 351M->342M(512M), 0.0022256 secs]
2021-03-28T21:35:53.099+0800: 0.761: [GC concurrent-root-region-scan-start]
2021-03-28T21:35:53.099+0800: 0.761: [GC concurrent-root-region-scan-end, 0.0001794 secs]
2021-03-28T21:35:53.099+0800: 0.761: [GC concurrent-mark-start]
2021-03-28T21:35:53.101+0800: 0.763: [GC concurrent-mark-end, 0.0016286 secs]
2021-03-28T21:35:53.101+0800: 0.763: [GC remark, 0.0017639 secs]
2021-03-28T21:35:53.103+0800: 0.765: [GC cleanup 359M->359M(512M), 0.0010459 secs]
2021-03-28T21:35:53.108+0800: 0.771: [GC pause (G1 Evacuation Pause) (young) 393M->358M(512M), 0.0034144 secs]
2021-03-28T21:35:53.114+0800: 0.777: [GC pause (G1 Evacuation Pause) (mixed) 379M->348M(512M), 0.0048800 secs]
2021-03-28T21:35:53.121+0800: 0.782: [GC pause (G1 Humongous Allocation) (young) (initial-mark) 351M->349M(512M), 0.0021151 secs]
2021-03-28T21:35:53.123+0800: 0.785: [GC concurrent-root-region-scan-start]
2021-03-28T21:35:53.123+0800: 0.785: [GC concurrent-root-region-scan-end, 0.0001265 secs]
2021-03-28T21:35:53.123+0800: 0.785: [GC concurrent-mark-start]
2021-03-28T21:35:53.124+0800: 0.786: [GC concurrent-mark-end, 0.0016122 secs]
2021-03-28T21:35:53.125+0800: 0.786: [GC remark, 0.0018843 secs]
2021-03-28T21:35:53.127+0800: 0.789: [GC cleanup 368M->368M(512M), 0.0010692 secs]
2021-03-28T21:35:53.131+0800: 0.793: [GC pause (G1 Evacuation Pause) (young) 395M->363M(512M), 0.0032740 secs]
2021-03-28T21:35:53.138+0800: 0.799: [GC pause (G1 Evacuation Pause) (mixed) 388M->354M(512M), 0.0057144 secs]
2021-03-28T21:35:53.144+0800: 0.806: [GC pause (G1 Humongous Allocation) (young) (initial-mark) 358M->355M(512M), 0.0020206 secs]
2021-03-28T21:35:53.146+0800: 0.808: [GC concurrent-root-region-scan-start]
2021-03-28T21:35:53.146+0800: 0.808: [GC concurrent-root-region-scan-end, 0.0001287 secs]
2021-03-28T21:35:53.146+0800: 0.808: [GC concurrent-mark-start]
2021-03-28T21:35:53.148+0800: 0.810: [GC concurrent-mark-end, 0.0018544 secs]
2021-03-28T21:35:53.148+0800: 0.810: [GC remark, 0.0017435 secs]
2021-03-28T21:35:53.150+0800: 0.812: [GC cleanup 371M->371M(512M), 0.0009040 secs]
2021-03-28T21:35:53.154+0800: 0.816: [GC pause (G1 Evacuation Pause) (young) 394M->361M(512M), 0.0031307 secs]
2021-03-28T21:35:53.160+0800: 0.822: [GC pause (G1 Evacuation Pause) (mixed) 385M->355M(512M), 0.0038520 secs]
2021-03-28T21:35:53.164+0800: 0.826: [GC pause (G1 Humongous Allocation) (young) (initial-mark) 356M->356M(512M), 0.0023613 secs]
2021-03-28T21:35:53.167+0800: 0.829: [GC concurrent-root-region-scan-start]
2021-03-28T21:35:53.167+0800: 0.829: [GC concurrent-root-region-scan-end, 0.0001809 secs]
2021-03-28T21:35:53.167+0800: 0.829: [GC concurrent-mark-start]
2021-03-28T21:35:53.169+0800: 0.830: [GC concurrent-mark-end, 0.0016830 secs]
2021-03-28T21:35:53.169+0800: 0.831: [GC remark, 0.0019988 secs]
2021-03-28T21:35:53.171+0800: 0.833: [GC cleanup 372M->372M(512M), 0.0011819 secs]
2021-03-28T21:35:53.175+0800: 0.837: [GC pause (G1 Evacuation Pause) (young) 394M->367M(512M), 0.0028069 secs]
2021-03-28T21:35:53.181+0800: 0.843: [GC pause (G1 Evacuation Pause) (mixed) 391M->360M(512M), 0.0050026 secs]
2021-03-28T21:35:53.186+0800: 0.849: [GC pause (G1 Humongous Allocation) (young) (initial-mark) 366M->362M(512M), 0.0018048 secs]
2021-03-28T21:35:53.188+0800: 0.850: [GC concurrent-root-region-scan-start]
2021-03-28T21:35:53.188+0800: 0.850: [GC concurrent-root-region-scan-end, 0.0000842 secs]
2021-03-28T21:35:53.188+0800: 0.850: [GC concurrent-mark-start]
2021-03-28T21:35:53.190+0800: 0.852: [GC concurrent-mark-end, 0.0016159 secs]
2021-03-28T21:35:53.190+0800: 0.852: [GC remark, 0.0017260 secs]
2021-03-28T21:35:53.192+0800: 0.854: [GC cleanup 378M->378M(512M), 0.0008617 secs]
2021-03-28T21:35:53.195+0800: 0.858: [GC pause (G1 Evacuation Pause) (young) 397M->370M(512M), 0.0026421 secs]
2021-03-28T21:35:53.201+0800: 0.864: [GC pause (G1 Evacuation Pause) (mixed) 398M->362M(512M), 0.0050759 secs]
2021-03-28T21:35:53.206+0800: 0.869: [GC pause (G1 Humongous Allocation) (young) (initial-mark) 362M->362M(512M), 0.0020250 secs]
2021-03-28T21:35:53.208+0800: 0.871: [GC concurrent-root-region-scan-start]
2021-03-28T21:35:53.208+0800: 0.871: [GC concurrent-root-region-scan-end, 0.0000977 secs]
2021-03-28T21:35:53.208+0800: 0.871: [GC concurrent-mark-start]
2021-03-28T21:35:53.210+0800: 0.873: [GC concurrent-mark-end, 0.0019291 secs]
2021-03-28T21:35:53.210+0800: 0.873: [GC remark, 0.0019076 secs]
2021-03-28T21:35:53.212+0800: 0.875: [GC cleanup 379M->379M(512M), 0.0010663 secs]
2021-03-28T21:35:53.216+0800: 0.879: [GC pause (G1 Evacuation Pause) (young) 398M->371M(512M), 0.0031745 secs]
2021-03-28T21:35:53.222+0800: 0.885: [GC pause (G1 Evacuation Pause) (mixed) 396M->363M(512M), 0.0055551 secs]
2021-03-28T21:35:53.228+0800: 0.891: [GC pause (G1 Humongous Allocation) (young) (initial-mark) 367M->362M(512M), 0.0015940 secs]
2021-03-28T21:35:53.230+0800: 0.893: [GC concurrent-root-region-scan-start]
2021-03-28T21:35:53.230+0800: 0.893: [GC concurrent-root-region-scan-end, 0.0001123 secs]
2021-03-28T21:35:53.230+0800: 0.893: [GC concurrent-mark-start]
2021-03-28T21:35:53.232+0800: 0.894: [GC concurrent-mark-end, 0.0016418 secs]
2021-03-28T21:35:53.232+0800: 0.894: [GC remark, 0.0016082 secs]
2021-03-28T21:35:53.233+0800: 0.896: [GC cleanup 377M->377M(512M), 0.0007221 secs]
2021-03-28T21:35:53.236+0800: 0.899: [GC pause (G1 Evacuation Pause) (young) 392M->370M(512M), 0.0027128 secs]
2021-03-28T21:35:53.242+0800: 0.905: [GC pause (G1 Evacuation Pause) (mixed) 397M->360M(512M), 0.0047316 secs]
2021-03-28T21:35:53.248+0800: 0.910: [GC pause (G1 Humongous Allocation) (young) (initial-mark) 362M->360M(512M), 0.0015677 secs]
2021-03-28T21:35:53.250+0800: 0.912: [GC concurrent-root-region-scan-start]
2021-03-28T21:35:53.250+0800: 0.912: [GC concurrent-root-region-scan-end, 0.0000769 secs]
2021-03-28T21:35:53.250+0800: 0.912: [GC concurrent-mark-start]
2021-03-28T21:35:53.252+0800: 0.913: [GC concurrent-mark-end, 0.0015856 secs]
2021-03-28T21:35:53.252+0800: 0.913: [GC remark, 0.0014138 secs]
2021-03-28T21:35:53.253+0800: 0.915: [GC cleanup 379M->379M(512M), 0.0003829 secs]
2021-03-28T21:35:53.256+0800: 0.918: [GC pause (G1 Evacuation Pause) (young) 399M->368M(512M), 0.0035001 secs]
2021-03-28T21:35:53.262+0800: 0.924: [GC pause (G1 Evacuation Pause) (mixed) 393M->361M(512M), 0.0051988 secs]
2021-03-28T21:35:53.268+0800: 0.930: [GC pause (G1 Humongous Allocation) (young) (initial-mark) 363M->361M(512M), 0.0019441 secs]
2021-03-28T21:35:53.270+0800: 0.932: [GC concurrent-root-region-scan-start]
2021-03-28T21:35:53.270+0800: 0.932: [GC concurrent-root-region-scan-end, 0.0001579 secs]
2021-03-28T21:35:53.270+0800: 0.932: [GC concurrent-mark-start]
2021-03-28T21:35:53.272+0800: 0.934: [GC concurrent-mark-end, 0.0017220 secs]
2021-03-28T21:35:53.272+0800: 0.934: [GC remark, 0.0018741 secs]
2021-03-28T21:35:53.274+0800: 0.936: [GC cleanup 377M->377M(512M), 0.0008253 secs]
2021-03-28T21:35:53.278+0800: 0.940: [GC pause (G1 Evacuation Pause) (young) 395M->373M(512M), 0.0033028 secs]
2021-03-28T21:35:53.285+0800: 0.947: [GC pause (G1 Evacuation Pause) (mixed) 402M->364M(512M), 0.0047079 secs]
2021-03-28T21:35:53.290+0800: 0.952: [GC pause (G1 Humongous Allocation) (young) (initial-mark) 367M->364M(512M), 0.0018762 secs]
2021-03-28T21:35:53.292+0800: 0.954: [GC concurrent-root-region-scan-start]
2021-03-28T21:35:53.292+0800: 0.954: [GC concurrent-root-region-scan-end, 0.0001455 secs]
2021-03-28T21:35:53.292+0800: 0.954: [GC concurrent-mark-start]
2021-03-28T21:35:53.294+0800: 0.956: [GC concurrent-mark-end, 0.0016844 secs]
2021-03-28T21:35:53.294+0800: 0.956: [GC remark, 0.0019703 secs]
2021-03-28T21:35:53.295+0800: 0.958: [GC cleanup 384M->384M(512M), 0.0013453 secs]
2021-03-28T21:35:53.299+0800: 0.961: [GC pause (G1 Evacuation Pause) (young) 399M->375M(512M), 0.0024685 secs]
2021-03-28T21:35:53.306+0800: 0.967: [GC pause (G1 Evacuation Pause) (mixed) 402M->373M(512M), 0.0051656 secs]
2021-03-28T21:35:53.311+0800: 0.973: [GC pause (G1 Humongous Allocation) (young) (initial-mark) 376M->374M(512M), 0.0019882 secs]
2021-03-28T21:35:53.313+0800: 0.975: [GC concurrent-root-region-scan-start]
2021-03-28T21:35:53.313+0800: 0.975: [GC concurrent-root-region-scan-end, 0.0001710 secs]
2021-03-28T21:35:53.314+0800: 0.975: [GC concurrent-mark-start]
2021-03-28T21:35:53.315+0800: 0.977: [GC concurrent-mark-end, 0.0018394 secs]
2021-03-28T21:35:53.315+0800: 0.977: [GC remark, 0.0018897 secs]
2021-03-28T21:35:53.317+0800: 0.979: [GC cleanup 387M->387M(512M), 0.0014062 secs]
2021-03-28T21:35:53.321+0800: 0.982: [GC pause (G1 Evacuation Pause) (young) 402M->383M(512M), 0.0027810 secs]
2021-03-28T21:35:53.327+0800: 0.988: [GC pause (G1 Evacuation Pause) (mixed)-- 413M->408M(512M), 0.0052677 secs]
2021-03-28T21:35:53.332+0800: 0.994: [GC pause (G1 Humongous Allocation) (young) (initial-mark) 412M->409M(512M), 0.0019791 secs]
2021-03-28T21:35:53.335+0800: 0.996: [GC concurrent-root-region-scan-start]
2021-03-28T21:35:53.335+0800: 0.996: [GC concurrent-root-region-scan-end, 0.0001017 secs]
2021-03-28T21:35:53.335+0800: 0.996: [GC concurrent-mark-start]
2021-03-28T21:35:53.337+0800: 0.999: [GC concurrent-mark-end, 0.0024134 secs]
2021-03-28T21:35:53.337+0800: 0.999: [GC remark, 0.0015717 secs]
2021-03-28T21:35:53.339+0800: 1.001: [GC cleanup 423M->423M(512M), 0.0008172 secs]
2021-03-28T21:35:53.341+0800: 1.003: [GC pause (G1 Evacuation Pause) (young)-- 436M->421M(512M), 0.0023718 secs]
2021-03-28T21:35:53.346+0800: 1.008: [GC pause (G1 Evacuation Pause) (mixed)-- 443M->434M(512M), 0.0023361 secs]
2021-03-28T21:35:53.350+0800: 1.012: [GC pause (G1 Evacuation Pause) (mixed)-- 444M->442M(512M), 0.0018963 secs]
2021-03-28T21:35:53.352+0800: 1.014: [GC pause (G1 Humongous Allocation) (young) (initial-mark) 443M->442M(512M), 0.0007293 secs]
2021-03-28T21:35:53.353+0800: 1.015: [GC concurrent-root-region-scan-start]
2021-03-28T21:35:53.353+0800: 1.015: [GC concurrent-root-region-scan-end, 0.0000339 secs]
2021-03-28T21:35:53.353+0800: 1.015: [GC concurrent-mark-start]
2021-03-28T21:35:53.353+0800: 1.015: [GC pause (G1 Humongous Allocation) (young)-- 444M->443M(512M), 0.0008398 secs]
2021-03-28T21:35:53.354+0800: 1.016: [GC pause (G1 Evacuation Pause) (young) 444M->444M(512M), 0.0007450 secs]
2021-03-28T21:35:53.355+0800: 1.017: [GC pause (G1 Evacuation Pause) (young) 444M->444M(512M), 0.0007312 secs]
2021-03-28T21:35:53.356+0800: 1.018: [Full GC (Allocation Failure)  444M->332M(512M), 0.0307794 secs]
2021-03-28T21:35:53.387+0800: 1.049: [GC concurrent-mark-abort]
2021-03-28T21:35:53.387+0800: 1.049: [GC pause (G1 Humongous Allocation) (young) (initial-mark) 334M->331M(512M), 0.0019773 secs]
2021-03-28T21:35:53.389+0800: 1.051: [GC concurrent-root-region-scan-start]
2021-03-28T21:35:53.390+0800: 1.051: [GC concurrent-root-region-scan-end, 0.0001462 secs]
2021-03-28T21:35:53.390+0800: 1.052: [GC concurrent-mark-start]
2021-03-28T21:35:53.391+0800: 1.053: [GC concurrent-mark-end, 0.0015812 secs]
2021-03-28T21:35:53.391+0800: 1.053: [GC remark, 0.0019364 secs]
2021-03-28T21:35:53.393+0800: 1.055: [GC cleanup 345M->345M(512M), 0.0014715 secs]
2021-03-28T21:35:53.398+0800: 1.060: [GC pause (G1 Evacuation Pause) (young) 368M->339M(512M), 0.0033061 secs]
2021-03-28T21:35:53.401+0800: 1.063: [GC pause (G1 Humongous Allocation) (young) (initial-mark) 340M->339M(512M), 0.0017172 secs]
2021-03-28T21:35:53.403+0800: 1.065: [GC concurrent-root-region-scan-start]
2021-03-28T21:35:53.403+0800: 1.065: [GC concurrent-root-region-scan-end, 0.0000343 secs]
2021-03-28T21:35:53.403+0800: 1.065: [GC concurrent-mark-start]
2021-03-28T21:35:53.405+0800: 1.067: [GC concurrent-mark-end, 0.0017829 secs]
2021-03-28T21:35:53.405+0800: 1.067: [GC remark, 0.0017800 secs]
2021-03-28T21:35:53.407+0800: 1.069: [GC cleanup 356M->356M(512M), 0.0008194 secs]
2021-03-28T21:35:53.410+0800: 1.072: [GC pause (G1 Evacuation Pause) (young) 370M->347M(512M), 0.0024761 secs]
2021-03-28T21:35:53.412+0800: 1.074: [GC pause (G1 Humongous Allocation) (young) (initial-mark) 349M->348M(512M), 0.0012964 secs]
2021-03-28T21:35:53.414+0800: 1.076: [GC concurrent-root-region-scan-start]
2021-03-28T21:35:53.414+0800: 1.076: [GC concurrent-root-region-scan-end, 0.0000930 secs]
2021-03-28T21:35:53.414+0800: 1.076: [GC concurrent-mark-start]
2021-03-28T21:35:53.416+0800: 1.078: [GC concurrent-mark-end, 0.0016137 secs]
2021-03-28T21:35:53.416+0800: 1.078: [GC remark, 0.0017614 secs]
2021-03-28T21:35:53.418+0800: 1.080: [GC cleanup 363M->363M(512M), 0.0005463 secs]
2021-03-28T21:35:53.420+0800: 1.082: [GC pause (G1 Evacuation Pause) (young) 374M->357M(512M), 0.0018981 secs]
2021-03-28T21:35:53.425+0800: 1.087: [GC pause (G1 Evacuation Pause) (mixed) 387M->364M(512M), 0.0040975 secs]
2021-03-28T21:35:53.429+0800: 1.091: [GC pause (G1 Humongous Allocation) (young) (initial-mark) 365M->365M(512M), 0.0021045 secs]
2021-03-28T21:35:53.432+0800: 1.094: [GC concurrent-root-region-scan-start]
2021-03-28T21:35:53.432+0800: 1.094: [GC concurrent-root-region-scan-end, 0.0000591 secs]
2021-03-28T21:35:53.432+0800: 1.094: [GC concurrent-mark-start]
2021-03-28T21:35:53.434+0800: 1.096: [GC concurrent-mark-end, 0.0019025 secs]
2021-03-28T21:35:53.434+0800: 1.096: [GC remark, 0.0023197 secs]
2021-03-28T21:35:53.436+0800: 1.098: [GC cleanup 384M->383M(512M), 0.0011170 secs]
2021-03-28T21:35:53.437+0800: 1.099: [GC concurrent-cleanup-start]
2021-03-28T21:35:53.437+0800: 1.099: [GC concurrent-cleanup-end, 0.0000080 secs]
2021-03-28T21:35:53.438+0800: 1.101: [GC pause (G1 Evacuation Pause) (young) 396M->374M(512M), 0.0024378 secs]
2021-03-28T21:35:53.444+0800: 1.107: [GC pause (G1 Evacuation Pause) (mixed)-- 407M->398M(512M), 0.0036296 secs]
2021-03-28T21:35:53.448+0800: 1.111: [GC pause (G1 Humongous Allocation) (young) (initial-mark) 399M->398M(512M), 0.0007840 secs]
2021-03-28T21:35:53.449+0800: 1.111: [GC concurrent-root-region-scan-start]
2021-03-28T21:35:53.449+0800: 1.112: [GC concurrent-root-region-scan-end, 0.0000751 secs]
2021-03-28T21:35:53.449+0800: 1.112: [GC concurrent-mark-start]
2021-03-28T21:35:53.451+0800: 1.113: [GC concurrent-mark-end, 0.0016983 secs]
2021-03-28T21:35:53.451+0800: 1.113: [GC remark, 0.0014364 secs]
2021-03-28T21:35:53.452+0800: 1.115: [GC cleanup 415M->415M(512M), 0.0005299 secs]
