Java HotSpot(TM) 64-Bit Server VM (25.181-b13) for windows-amd64 JRE (1.8.0_181-b13), built on Jul  7 2018 04:01:33 by "java_re" with MS VC++ 10.0 (VS2010)
Memory: 4k page, physical 33125424k(24411580k free), swap 38106160k(28083704k free)
CommandLine flags: -XX:InitialHeapSize=134217728 -XX:MaxHeapSize=134217728 -XX:+PrintGC -XX:+PrintGCDateStamps -XX:+PrintGCDetails -XX:+PrintGCTimeStamps -XX:+UseCompressedClassPointers -XX:+UseCompressedOops -XX:-UseLargePagesIndividualAllocation -XX:+UseSerialGC 
2021-03-28T18:47:00.928+0800: 0.305: [GC (Allocation Failure) 2021-03-28T18:47:00.928+0800: 0.306: [DefNew: 34944K->4352K(39296K), 0.0069156 secs] 34944K->12175K(126720K), 0.0071917 secs] [Times: user=0.02 sys=0.00, real=0.01 secs] 
2021-03-28T18:47:00.945+0800: 0.323: [GC (Allocation Failure) 2021-03-28T18:47:00.945+0800: 0.323: [DefNew: 39282K->4342K(39296K), 0.0076756 secs] 47105K->23101K(126720K), 0.0077311 secs] [Times: user=0.00 sys=0.02, real=0.01 secs] 
2021-03-28T18:47:00.960+0800: 0.338: [GC (Allocation Failure) 2021-03-28T18:47:00.960+0800: 0.338: [DefNew: 39151K->4343K(39296K), 0.0069445 secs] 57910K->35607K(126720K), 0.0070247 secs] [Times: user=0.02 sys=0.00, real=0.01 secs] 
2021-03-28T18:47:00.973+0800: 0.351: [GC (Allocation Failure) 2021-03-28T18:47:00.973+0800: 0.351: [DefNew: 38896K->4349K(39296K), 0.0058461 secs] 70160K->45229K(126720K), 0.0059051 secs] [Times: user=0.00 sys=0.00, real=0.01 secs] 
2021-03-28T18:47:00.984+0800: 0.362: [GC (Allocation Failure) 2021-03-28T18:47:00.984+0800: 0.362: [DefNew: 39084K->4349K(39296K), 0.0075046 secs] 79965K->61119K(126720K), 0.0075578 secs] [Times: user=0.00 sys=0.00, real=0.01 secs] 
2021-03-28T18:47:00.996+0800: 0.374: [GC (Allocation Failure) 2021-03-28T18:47:00.996+0800: 0.374: [DefNew: 39020K->4347K(39296K), 0.0071035 secs] 95790K->74239K(126720K), 0.0071826 secs] [Times: user=0.00 sys=0.00, real=0.01 secs] 
2021-03-28T18:47:01.009+0800: 0.387: [GC (Allocation Failure) 2021-03-28T18:47:01.009+0800: 0.387: [DefNew: 39092K->4336K(39296K), 0.0069499 secs] 108983K->85639K(126720K), 0.0070250 secs] [Times: user=0.00 sys=0.02, real=0.01 secs] 
2021-03-28T18:47:01.020+0800: 0.397: [GC (Allocation Failure) 2021-03-28T18:47:01.020+0800: 0.397: [DefNew: 39280K->39280K(39296K), 0.0000135 secs]2021-03-28T18:47:01.020+0800: 0.397: [Tenured: 81303K->86968K(87424K), 0.0118686 secs] 120583K->95735K(126720K), [Metaspace: 3311K->3311K(1056768K)], 0.0119485 secs] [Times: user=0.02 sys=0.00, real=0.01 secs] 
2021-03-28T18:47:01.036+0800: 0.413: [Full GC (Allocation Failure) 2021-03-28T18:47:01.036+0800: 0.413: [Tenured: 87184K->87039K(87424K), 0.0122588 secs] 126452K->102144K(126720K), [Metaspace: 3311K->3311K(1056768K)], 0.0123412 secs] [Times: user=0.02 sys=0.00, real=0.01 secs] 
2021-03-28T18:47:01.051+0800: 0.429: [Full GC (Allocation Failure) 2021-03-28T18:47:01.051+0800: 0.429: [Tenured: 87039K->87410K(87424K), 0.0117373 secs] 126072K->107955K(126720K), [Metaspace: 3311K->3311K(1056768K)], 0.0117924 secs] [Times: user=0.02 sys=0.00, real=0.01 secs] 
2021-03-28T18:47:01.065+0800: 0.443: [Full GC (Allocation Failure) 2021-03-28T18:47:01.065+0800: 0.443: [Tenured: 87410K->87418K(87424K), 0.0138867 secs] 126638K->107789K(126720K), [Metaspace: 3311K->3311K(1056768K)], 0.0139400 secs] [Times: user=0.01 sys=0.00, real=0.01 secs] 
2021-03-28T18:47:01.081+0800: 0.459: [Full GC (Allocation Failure) 2021-03-28T18:47:01.081+0800: 0.459: [Tenured: 87418K->87418K(87424K), 0.0026183 secs] 126629K->113440K(126720K), [Metaspace: 3311K->3311K(1056768K)], 0.0026698 secs] [Times: user=0.00 sys=0.00, real=0.00 secs] 
2021-03-28T18:47:01.085+0800: 0.463: [Full GC (Allocation Failure) 2021-03-28T18:47:01.085+0800: 0.463: [Tenured: 87418K->87418K(87424K), 0.0024021 secs] 126670K->118856K(126720K), [Metaspace: 3311K->3311K(1056768K)], 0.0024499 secs] [Times: user=0.00 sys=0.00, real=0.00 secs] 
2021-03-28T18:47:01.089+0800: 0.467: [Full GC (Allocation Failure) 2021-03-28T18:47:01.089+0800: 0.467: [Tenured: 87418K->87418K(87424K), 0.0061440 secs] 126342K->121454K(126720K), [Metaspace: 3311K->3311K(1056768K)], 0.0061921 secs] [Times: user=0.00 sys=0.00, real=0.01 secs] 
2021-03-28T18:47:01.096+0800: 0.474: [Full GC (Allocation Failure) 2021-03-28T18:47:01.096+0800: 0.474: [Tenured: 87418K->87303K(87424K), 0.0145792 secs] 126357K->117834K(126720K), [Metaspace: 3311K->3311K(1056768K)], 0.0146277 secs] [Times: user=0.01 sys=0.00, real=0.02 secs] 
2021-03-28T18:47:01.112+0800: 0.490: [Full GC (Allocation Failure) 2021-03-28T18:47:01.112+0800: 0.490: [Tenured: 87303K->87303K(87424K), 0.0018347 secs] 126326K->119746K(126720K), [Metaspace: 3311K->3311K(1056768K)], 0.0018810 secs] [Times: user=0.00 sys=0.00, real=0.00 secs] 
2021-03-28T18:47:01.115+0800: 0.493: [Full GC (Allocation Failure) 2021-03-28T18:47:01.115+0800: 0.493: [Tenured: 87303K->87303K(87424K), 0.0024805 secs] 126407K->121815K(126720K), [Metaspace: 3311K->3311K(1056768K)], 0.0025210 secs] [Times: user=0.00 sys=0.00, real=0.00 secs] 
2021-03-28T18:47:01.118+0800: 0.496: [Full GC (Allocation Failure) 2021-03-28T18:47:01.118+0800: 0.496: [Tenured: 87303K->87303K(87424K), 0.0042371 secs] 126151K->122704K(126720K), [Metaspace: 3311K->3311K(1056768K)], 0.0042831 secs] [Times: user=0.02 sys=0.00, real=0.00 secs] 
2021-03-28T18:47:01.123+0800: 0.500: [Full GC (Allocation Failure) 2021-03-28T18:47:01.123+0800: 0.500: [Tenured: 87303K->86807K(87424K), 0.0154526 secs] 126574K->121677K(126720K), [Metaspace: 3311K->3311K(1056768K)], 0.0155121 secs] [Times: user=0.02 sys=0.00, real=0.02 secs] 
2021-03-28T18:47:01.139+0800: 0.517: [Full GC (Allocation Failure) 2021-03-28T18:47:01.139+0800: 0.517: [Tenured: 87412K->87412K(87424K), 0.0020068 secs] 126704K->123866K(126720K), [Metaspace: 3311K->3311K(1056768K)], 0.0020458 secs] [Times: user=0.00 sys=0.00, real=0.00 secs] 
2021-03-28T18:47:01.141+0800: 0.519: [Full GC (Allocation Failure) 2021-03-28T18:47:01.141+0800: 0.519: [Tenured: 87412K->87412K(87424K), 0.0055631 secs] 126649K->124269K(126720K), [Metaspace: 3311K->3311K(1056768K)], 0.0056364 secs] [Times: user=0.00 sys=0.00, real=0.01 secs] 
2021-03-28T18:47:01.147+0800: 0.525: [Full GC (Allocation Failure) 2021-03-28T18:47:01.147+0800: 0.525: [Tenured: 87412K->87412K(87424K), 0.0017708 secs] 126075K->124495K(126720K), [Metaspace: 3311K->3311K(1056768K)], 0.0018095 secs] [Times: user=0.00 sys=0.00, real=0.00 secs] 
2021-03-28T18:47:01.150+0800: 0.527: [Full GC (Allocation Failure) 2021-03-28T18:47:01.150+0800: 0.527: [Tenured: 87412K->87383K(87424K), 0.0099381 secs] 126688K->123783K(126720K), [Metaspace: 3311K->3311K(1056768K)], 0.0099840 secs] [Times: user=0.02 sys=0.00, real=0.01 secs] 
2021-03-28T18:47:01.160+0800: 0.538: [Full GC (Allocation Failure) 2021-03-28T18:47:01.160+0800: 0.538: [Tenured: 87383K->87383K(87424K), 0.0050824 secs] 126679K->124104K(126720K), [Metaspace: 3311K->3311K(1056768K)], 0.0051510 secs] [Times: user=0.00 sys=0.00, real=0.00 secs] 
2021-03-28T18:47:01.166+0800: 0.543: [Full GC (Allocation Failure) 2021-03-28T18:47:01.166+0800: 0.543: [Tenured: 87383K->87383K(87424K), 0.0053636 secs] 126471K->125182K(126720K), [Metaspace: 3311K->3311K(1056768K)], 0.0054391 secs] [Times: user=0.02 sys=0.00, real=0.01 secs] 
2021-03-28T18:47:01.171+0800: 0.549: [Full GC (Allocation Failure) 2021-03-28T18:47:01.171+0800: 0.549: [Tenured: 87383K->87383K(87424K), 0.0016272 secs] 126297K->125330K(126720K), [Metaspace: 3311K->3311K(1056768K)], 0.0016622 secs] [Times: user=0.00 sys=0.00, real=0.00 secs] 
2021-03-28T18:47:01.173+0800: 0.551: [Full GC (Allocation Failure) 2021-03-28T18:47:01.173+0800: 0.551: [Tenured: 87401K->87361K(87424K), 0.0180159 secs] 126688K->126001K(126720K), [Metaspace: 3311K->3311K(1056768K)], 0.0180589 secs] [Times: user=0.02 sys=0.00, real=0.02 secs] 
2021-03-28T18:47:01.192+0800: 0.569: [Full GC (Allocation Failure) 2021-03-28T18:47:01.192+0800: 0.570: [Tenured: 87410K->87410K(87424K), 0.0027504 secs] 126691K->126404K(126720K), [Metaspace: 3311K->3311K(1056768K)], 0.0028200 secs] [Times: user=0.00 sys=0.00, real=0.00 secs] 
2021-03-28T18:47:01.195+0800: 0.573: [Full GC (Allocation Failure) 2021-03-28T18:47:01.195+0800: 0.573: [Tenured: 87410K->87410K(87424K), 0.0016494 secs] 126526K->126404K(126720K), [Metaspace: 3311K->3311K(1056768K)], 0.0017001 secs] [Times: user=0.00 sys=0.00, real=0.00 secs] 
2021-03-28T18:47:01.197+0800: 0.574: [Full GC (Allocation Failure) 2021-03-28T18:47:01.197+0800: 0.574: [Tenured: 87410K->87410K(87424K), 0.0014806 secs] 126645K->126404K(126720K), [Metaspace: 3311K->3311K(1056768K)], 0.0015163 secs] [Times: user=0.01 sys=0.00, real=0.00 secs] 
2021-03-28T18:47:01.198+0800: 0.576: [Full GC (Allocation Failure) 2021-03-28T18:47:01.198+0800: 0.576: [Tenured: 87410K->87209K(87424K), 0.0112002 secs] 126570K->126302K(126720K), [Metaspace: 3311K->3311K(1056768K)], 0.0113008 secs] [Times: user=0.00 sys=0.00, real=0.01 secs] 
2021-03-28T18:47:01.210+0800: 0.588: [Full GC (Allocation Failure) 2021-03-28T18:47:01.210+0800: 0.588: [Tenured: 87209K->87185K(87424K), 0.0124423 secs] 126302K->126278K(126720K), [Metaspace: 3311K->3311K(1056768K)], 0.0124878 secs] [Times: user=0.02 sys=0.00, real=0.01 secs] 
Heap
 def new generation   total 39296K, used 39168K [0x00000000f8000000, 0x00000000faaa0000, 0x00000000faaa0000)
  eden space 34944K, 100% used [0x00000000f8000000, 0x00000000fa220000, 0x00000000fa220000)
  from space 4352K,  97% used [0x00000000fa660000, 0x00000000faa80148, 0x00000000faaa0000)
  to   space 4352K,   0% used [0x00000000fa220000, 0x00000000fa220000, 0x00000000fa660000)
 tenured generation   total 87424K, used 87185K [0x00000000faaa0000, 0x0000000100000000, 0x0000000100000000)
   the space 87424K,  99% used [0x00000000faaa0000, 0x00000000fffc4548, 0x00000000fffc4600, 0x0000000100000000)
 Metaspace       used 3341K, capacity 4486K, committed 4864K, reserved 1056768K
  class space    used 370K, capacity 386K, committed 512K, reserved 1048576K
