Java HotSpot(TM) 64-Bit Server VM (25.181-b13) for windows-amd64 JRE (1.8.0_181-b13), built on Jul  7 2018 04:01:33 by "java_re" with MS VC++ 10.0 (VS2010)
Memory: 4k page, physical 33125424k(24442772k free), swap 38106160k(28147736k free)
CommandLine flags: -XX:InitialHeapSize=536870912 -XX:MaxHeapSize=536870912 -XX:+PrintGC -XX:+PrintGCDateStamps -XX:+PrintGCDetails -XX:+PrintGCTimeStamps -XX:+UseCompressedClassPointers -XX:+UseCompressedOops -XX:-UseLargePagesIndividualAllocation -XX:+UseSerialGC 
2021-03-28T19:19:52.618+0800: 0.353: [GC (Allocation Failure) 2021-03-28T19:19:52.619+0800: 0.353: [DefNew: 139057K->17471K(157248K), 0.0230334 secs] 139057K->46769K(506816K), 0.0232023 secs] [Times: user=0.02 sys=0.03, real=0.02 secs] 
2021-03-28T19:19:52.661+0800: 0.395: [GC (Allocation Failure) 2021-03-28T19:19:52.661+0800: 0.395: [DefNew: 157247K->17471K(157248K), 0.0313750 secs] 186545K->91631K(506816K), 0.0314304 secs] [Times: user=0.02 sys=0.02, real=0.03 secs] 
2021-03-28T19:19:52.709+0800: 0.444: [GC (Allocation Failure) 2021-03-28T19:19:52.709+0800: 0.444: [DefNew: 157247K->17471K(157248K), 0.0255271 secs] 231407K->142613K(506816K), 0.0255814 secs] [Times: user=0.02 sys=0.01, real=0.02 secs] 
2021-03-28T19:19:52.751+0800: 0.485: [GC (Allocation Failure) 2021-03-28T19:19:52.751+0800: 0.486: [DefNew: 157247K->17469K(157248K), 0.0241358 secs] 282389K->187652K(506816K), 0.0242029 secs] [Times: user=0.00 sys=0.02, real=0.03 secs] 
2021-03-28T19:19:52.792+0800: 0.526: [GC (Allocation Failure) 2021-03-28T19:19:52.792+0800: 0.526: [DefNew: 157245K->17471K(157248K), 0.0223665 secs] 327428K->231941K(506816K), 0.0224237 secs] [Times: user=0.03 sys=0.00, real=0.02 secs] 
2021-03-28T19:19:52.831+0800: 0.565: [GC (Allocation Failure) 2021-03-28T19:19:52.831+0800: 0.565: [DefNew: 157247K->17471K(157248K), 0.0231348 secs] 371717K->276089K(506816K), 0.0232194 secs] [Times: user=0.02 sys=0.00, real=0.02 secs] 
2021-03-28T19:19:52.869+0800: 0.604: [GC (Allocation Failure) 2021-03-28T19:19:52.870+0800: 0.604: [DefNew: 157187K->17471K(157248K), 0.0243185 secs] 415805K->322066K(506816K), 0.0243809 secs] [Times: user=0.01 sys=0.02, real=0.03 secs] 
2021-03-28T19:19:52.912+0800: 0.646: [GC (Allocation Failure) 2021-03-28T19:19:52.912+0800: 0.646: [DefNew: 157247K->157247K(157248K), 0.0000135 secs]2021-03-28T19:19:52.912+0800: 0.646: [Tenured: 304595K->273444K(349568K), 0.0323782 secs] 461842K->273444K(506816K), [Metaspace: 3310K->3310K(1056768K)], 0.0324664 secs] [Times: user=0.03 sys=0.00, real=0.03 secs] 
2021-03-28T19:19:52.960+0800: 0.695: [GC (Allocation Failure) 2021-03-28T19:19:52.960+0800: 0.695: [DefNew: 139776K->17471K(157248K), 0.0056021 secs] 413220K->321767K(506816K), 0.0056732 secs] [Times: user=0.02 sys=0.00, real=0.01 secs] 
2021-03-28T19:19:52.983+0800: 0.718: [GC (Allocation Failure) 2021-03-28T19:19:52.983+0800: 0.718: [DefNew: 157247K->157247K(157248K), 0.0000131 secs]2021-03-28T19:19:52.983+0800: 0.718: [Tenured: 304295K->300836K(349568K), 0.0386527 secs] 461543K->300836K(506816K), [Metaspace: 3310K->3310K(1056768K)], 0.0387330 secs] [Times: user=0.03 sys=0.00, real=0.04 secs] 
2021-03-28T19:19:53.039+0800: 0.774: [GC (Allocation Failure) 2021-03-28T19:19:53.039+0800: 0.774: [DefNew: 139776K->17470K(157248K), 0.0138831 secs] 440612K->345600K(506816K), 0.0139604 secs] [Times: user=0.00 sys=0.02, real=0.01 secs] 
2021-03-28T19:19:53.071+0800: 0.805: [GC (Allocation Failure) 2021-03-28T19:19:53.071+0800: 0.805: [DefNew: 157246K->157246K(157248K), 0.0000277 secs]2021-03-28T19:19:53.071+0800: 0.805: [Tenured: 328129K->316055K(349568K), 0.0370288 secs] 485376K->316055K(506816K), [Metaspace: 3310K->3310K(1056768K)], 0.0371215 secs] [Times: user=0.05 sys=0.00, real=0.04 secs] 
2021-03-28T19:19:53.124+0800: 0.858: [GC (Allocation Failure) 2021-03-28T19:19:53.124+0800: 0.858: [DefNew: 139703K->139703K(157248K), 0.0000139 secs]2021-03-28T19:19:53.124+0800: 0.858: [Tenured: 316055K->308795K(349568K), 0.0399477 secs] 455758K->308795K(506816K), [Metaspace: 3310K->3310K(1056768K)], 0.0400264 secs] [Times: user=0.03 sys=0.00, real=0.04 secs] 
2021-03-28T19:19:53.180+0800: 0.915: [GC (Allocation Failure) 2021-03-28T19:19:53.180+0800: 0.915: [DefNew: 139776K->17466K(157248K), 0.0119864 secs] 448571K->357250K(506816K), 0.0120462 secs] [Times: user=0.01 sys=0.00, real=0.01 secs] 
2021-03-28T19:19:53.208+0800: 0.943: [GC (Allocation Failure) 2021-03-28T19:19:53.208+0800: 0.943: [DefNew: 157242K->157242K(157248K), 0.0000131 secs]2021-03-28T19:19:53.208+0800: 0.943: [Tenured: 339783K->343959K(349568K), 0.0354954 secs] 497026K->343959K(506816K), [Metaspace: 3310K->3310K(1056768K)], 0.0355771 secs] [Times: user=0.03 sys=0.00, real=0.04 secs] 
2021-03-28T19:19:53.261+0800: 0.996: [GC (Allocation Failure) 2021-03-28T19:19:53.261+0800: 0.996: [DefNew: 139776K->139776K(157248K), 0.0000146 secs]2021-03-28T19:19:53.261+0800: 0.996: [Tenured: 343959K->347459K(349568K), 0.0381079 secs] 483735K->347459K(506816K), [Metaspace: 3310K->3310K(1056768K)], 0.0381881 secs] [Times: user=0.03 sys=0.00, real=0.04 secs] 
2021-03-28T19:19:53.318+0800: 1.052: [GC (Allocation Failure) 2021-03-28T19:19:53.318+0800: 1.052: [DefNew: 139776K->139776K(157248K), 0.0000193 secs]2021-03-28T19:19:53.318+0800: 1.052: [Tenured: 347459K->349458K(349568K), 0.0408181 secs] 487235K->357438K(506816K), [Metaspace: 3310K->3310K(1056768K)], 0.0409097 secs] [Times: user=0.05 sys=0.00, real=0.04 secs] 
Heap
 def new generation   total 157248K, used 124073K [0x00000000e0000000, 0x00000000eaaa0000, 0x00000000eaaa0000)
  eden space 139776K,  88% used [0x00000000e0000000, 0x00000000e792a798, 0x00000000e8880000)
  from space 17472K,   0% used [0x00000000e8880000, 0x00000000e8880000, 0x00000000e9990000)
  to   space 17472K,   0% used [0x00000000e9990000, 0x00000000e9990000, 0x00000000eaaa0000)
 tenured generation   total 349568K, used 349458K [0x00000000eaaa0000, 0x0000000100000000, 0x0000000100000000)
   the space 349568K,  99% used [0x00000000eaaa0000, 0x00000000fffe4ac0, 0x00000000fffe4c00, 0x0000000100000000)
 Metaspace       used 3317K, capacity 4486K, committed 4864K, reserved 1056768K
  class space    used 367K, capacity 386K, committed 512K, reserved 1048576K
