Java HotSpot(TM) 64-Bit Server VM (25.181-b13) for windows-amd64 JRE (1.8.0_181-b13), built on Jul  7 2018 04:01:33 by "java_re" with MS VC++ 10.0 (VS2010)
Memory: 4k page, physical 33125424k(24469244k free), swap 38106160k(28165056k free)
CommandLine flags: -XX:InitialHeapSize=268435456 -XX:MaxHeapSize=268435456 -XX:+PrintGC -XX:+PrintGCDateStamps -XX:+PrintGCDetails -XX:+PrintGCTimeStamps -XX:+UseCompressedClassPointers -XX:+UseCompressedOops -XX:-UseLargePagesIndividualAllocation -XX:+UseSerialGC 
2021-03-28T19:13:41.441+0800: 0.347: [GC (Allocation Failure) 2021-03-28T19:13:41.442+0800: 0.347: [DefNew: 69675K->8704K(78656K), 0.0124430 secs] 69675K->20161K(253440K), 0.0126257 secs] [Times: user=0.02 sys=0.00, real=0.01 secs] 
2021-03-28T19:13:41.467+0800: 0.372: [GC (Allocation Failure) 2021-03-28T19:13:41.467+0800: 0.373: [DefNew: 78656K->8697K(78656K), 0.0158512 secs] 90113K->44331K(253440K), 0.0159212 secs] [Times: user=0.02 sys=0.00, real=0.02 secs] 
2021-03-28T19:13:41.494+0800: 0.400: [GC (Allocation Failure) 2021-03-28T19:13:41.494+0800: 0.400: [DefNew: 78649K->8701K(78656K), 0.0109602 secs] 114283K->64839K(253440K), 0.0110135 secs] [Times: user=0.01 sys=0.02, real=0.01 secs] 
2021-03-28T19:13:41.514+0800: 0.420: [GC (Allocation Failure) 2021-03-28T19:13:41.514+0800: 0.420: [DefNew: 78596K->8698K(78656K), 0.0119766 secs] 134734K->87535K(253440K), 0.0120338 secs] [Times: user=0.00 sys=0.00, real=0.01 secs] 
2021-03-28T19:13:41.534+0800: 0.441: [GC (Allocation Failure) 2021-03-28T19:13:41.534+0800: 0.441: [DefNew: 78388K->8690K(78656K), 0.0128368 secs] 157226K->110768K(253440K), 0.0128930 secs] [Times: user=0.00 sys=0.01, real=0.01 secs] 
2021-03-28T19:13:41.555+0800: 0.461: [GC (Allocation Failure) 2021-03-28T19:13:41.555+0800: 0.461: [DefNew: 78642K->8703K(78656K), 0.0137048 secs] 180720K->136678K(253440K), 0.0137609 secs] [Times: user=0.00 sys=0.02, real=0.01 secs] 
2021-03-28T19:13:41.579+0800: 0.484: [GC (Allocation Failure) 2021-03-28T19:13:41.579+0800: 0.484: [DefNew: 78638K->8703K(78656K), 0.0110970 secs] 206612K->160041K(253440K), 0.0111539 secs] [Times: user=0.00 sys=0.02, real=0.01 secs] 
2021-03-28T19:13:41.599+0800: 0.504: [GC (Allocation Failure) 2021-03-28T19:13:41.599+0800: 0.504: [DefNew: 78204K->78204K(78656K), 0.0000131 secs]2021-03-28T19:13:41.599+0800: 0.505: [Tenured: 151337K->155282K(174784K), 0.0179623 secs] 229541K->155282K(253440K), [Metaspace: 3313K->3313K(1056768K)], 0.0180451 secs] [Times: user=0.02 sys=0.00, real=0.02 secs] 
2021-03-28T19:13:41.625+0800: 0.531: [GC (Allocation Failure) 2021-03-28T19:13:41.625+0800: 0.531: [DefNew: 69952K->69952K(78656K), 0.0000135 secs]2021-03-28T19:13:41.625+0800: 0.531: [Tenured: 155282K->171065K(174784K), 0.0253520 secs] 225234K->171065K(253440K), [Metaspace: 3313K->3313K(1056768K)], 0.0254315 secs] [Times: user=0.02 sys=0.00, real=0.03 secs] 
2021-03-28T19:13:41.659+0800: 0.565: [GC (Allocation Failure) 2021-03-28T19:13:41.659+0800: 0.565: [DefNew: 69952K->69952K(78656K), 0.0000390 secs]2021-03-28T19:13:41.660+0800: 0.565: [Tenured: 171065K->174748K(174784K), 0.0224945 secs] 241017K->187680K(253440K), [Metaspace: 3313K->3313K(1056768K)], 0.0226079 secs] [Times: user=0.02 sys=0.00, real=0.02 secs] 
2021-03-28T19:13:41.691+0800: 0.597: [Full GC (Allocation Failure) 2021-03-28T19:13:41.691+0800: 0.597: [Tenured: 174748K->174679K(174784K), 0.0233321 secs] 253053K->189269K(253440K), [Metaspace: 3313K->3313K(1056768K)], 0.0233915 secs] [Times: user=0.03 sys=0.00, real=0.02 secs] 
2021-03-28T19:13:41.723+0800: 0.629: [Full GC (Allocation Failure) 2021-03-28T19:13:41.723+0800: 0.629: [Tenured: 174679K->174718K(174784K), 0.0074386 secs] 253062K->207583K(253440K), [Metaspace: 3313K->3313K(1056768K)], 0.0074988 secs] [Times: user=0.02 sys=0.00, real=0.01 secs] 
2021-03-28T19:13:41.736+0800: 0.642: [Full GC (Allocation Failure) 2021-03-28T19:13:41.736+0800: 0.642: [Tenured: 174718K->174491K(174784K), 0.0243875 secs] 253296K->218323K(253440K), [Metaspace: 3313K->3313K(1056768K)], 0.0244717 secs] [Times: user=0.01 sys=0.00, real=0.02 secs] 
2021-03-28T19:13:41.768+0800: 0.673: [Full GC (Allocation Failure) 2021-03-28T19:13:41.768+0800: 0.673: [Tenured: 174491K->174611K(174784K), 0.0170488 secs] 252542K->226779K(253440K), [Metaspace: 3313K->3313K(1056768K)], 0.0171546 secs] [Times: user=0.02 sys=0.00, real=0.02 secs] 
2021-03-28T19:13:41.788+0800: 0.694: [Full GC (Allocation Failure) 2021-03-28T19:13:41.788+0800: 0.694: [Tenured: 174719K->174745K(174784K), 0.0279598 secs] 253353K->219260K(253440K), [Metaspace: 3313K->3313K(1056768K)], 0.0280160 secs] [Times: user=0.03 sys=0.00, real=0.03 secs] 
2021-03-28T19:13:41.820+0800: 0.726: [Full GC (Allocation Failure) 2021-03-28T19:13:41.820+0800: 0.726: [Tenured: 174745K->174745K(174784K), 0.0092827 secs] 253135K->227474K(253440K), [Metaspace: 3313K->3313K(1056768K)], 0.0093407 secs] [Times: user=0.02 sys=0.00, real=0.01 secs] 
2021-03-28T19:13:41.833+0800: 0.738: [Full GC (Allocation Failure) 2021-03-28T19:13:41.833+0800: 0.738: [Tenured: 174745K->174571K(174784K), 0.0100836 secs] 253291K->235948K(253440K), [Metaspace: 3313K->3313K(1056768K)], 0.0101682 secs] [Times: user=0.02 sys=0.00, real=0.01 secs] 
2021-03-28T19:13:41.845+0800: 0.750: [Full GC (Allocation Failure) 2021-03-28T19:13:41.845+0800: 0.750: [Tenured: 174571K->174037K(174784K), 0.0143575 secs] 252582K->236942K(253440K), [Metaspace: 3313K->3313K(1056768K)], 0.0144155 secs] [Times: user=0.01 sys=0.00, real=0.01 secs] 
2021-03-28T19:13:41.862+0800: 0.767: [Full GC (Allocation Failure) 2021-03-28T19:13:41.862+0800: 0.767: [Tenured: 174229K->174545K(174784K), 0.0282687 secs] 252695K->231824K(253440K), [Metaspace: 3313K->3313K(1056768K)], 0.0283850 secs] [Times: user=0.03 sys=0.00, real=0.03 secs] 
2021-03-28T19:13:41.893+0800: 0.798: [Full GC (Allocation Failure) 2021-03-28T19:13:41.893+0800: 0.798: [Tenured: 174545K->174545K(174784K), 0.0079513 secs] 252880K->237109K(253440K), [Metaspace: 3313K->3313K(1056768K)], 0.0080312 secs] [Times: user=0.00 sys=0.00, real=0.01 secs] 
2021-03-28T19:13:41.903+0800: 0.808: [Full GC (Allocation Failure) 2021-03-28T19:13:41.903+0800: 0.808: [Tenured: 174545K->174545K(174784K), 0.0097816 secs] 252994K->242732K(253440K), [Metaspace: 3313K->3313K(1056768K)], 0.0098699 secs] [Times: user=0.00 sys=0.00, real=0.01 secs] 
2021-03-28T19:13:41.914+0800: 0.820: [Full GC (Allocation Failure) 2021-03-28T19:13:41.914+0800: 0.820: [Tenured: 174653K->174653K(174784K), 0.0040632 secs] 253291K->245518K(253440K), [Metaspace: 3313K->3313K(1056768K)], 0.0041110 secs] [Times: user=0.02 sys=0.00, real=0.00 secs] 
2021-03-28T19:13:41.919+0800: 0.825: [Full GC (Allocation Failure) 2021-03-28T19:13:41.919+0800: 0.825: [Tenured: 174729K->174770K(174784K), 0.0292602 secs] 253316K->238127K(253440K), [Metaspace: 3313K->3313K(1056768K)], 0.0293102 secs] [Times: user=0.02 sys=0.02, real=0.03 secs] 
2021-03-28T19:13:41.951+0800: 0.857: [Full GC (Allocation Failure) 2021-03-28T19:13:41.951+0800: 0.857: [Tenured: 174770K->174770K(174784K), 0.0075983 secs] 253114K->242356K(253440K), [Metaspace: 3313K->3313K(1056768K)], 0.0076818 secs] [Times: user=0.00 sys=0.00, real=0.01 secs] 
2021-03-28T19:13:41.960+0800: 0.866: [Full GC (Allocation Failure) 2021-03-28T19:13:41.961+0800: 0.866: [Tenured: 174770K->174770K(174784K), 0.0092919 secs] 253066K->246711K(253440K), [Metaspace: 3313K->3313K(1056768K)], 0.0093480 secs] [Times: user=0.02 sys=0.00, real=0.01 secs] 
2021-03-28T19:13:41.971+0800: 0.876: [Full GC (Allocation Failure) 2021-03-28T19:13:41.971+0800: 0.876: [Tenured: 174770K->174770K(174784K), 0.0094680 secs] 253141K->248601K(253440K), [Metaspace: 3313K->3313K(1056768K)], 0.0095161 secs] [Times: user=0.02 sys=0.00, real=0.01 secs] 
2021-03-28T19:13:41.981+0800: 0.887: [Full GC (Allocation Failure) 2021-03-28T19:13:41.981+0800: 0.887: [Tenured: 174770K->174686K(174784K), 0.0308064 secs] 253272K->245452K(253440K), [Metaspace: 3313K->3313K(1056768K)], 0.0308517 secs] [Times: user=0.03 sys=0.00, real=0.03 secs] 
2021-03-28T19:13:42.013+0800: 0.919: [Full GC (Allocation Failure) 2021-03-28T19:13:42.013+0800: 0.919: [Tenured: 174686K->174686K(174784K), 0.0063504 secs] 253199K->248007K(253440K), [Metaspace: 3313K->3313K(1056768K)], 0.0064266 secs] [Times: user=0.00 sys=0.00, real=0.01 secs] 
2021-03-28T19:13:42.021+0800: 0.926: [Full GC (Allocation Failure) 2021-03-28T19:13:42.021+0800: 0.926: [Tenured: 174736K->174736K(174784K), 0.0095136 secs] 253383K->247745K(253440K), [Metaspace: 3313K->3313K(1056768K)], 0.0095610 secs] [Times: user=0.01 sys=0.00, real=0.01 secs] 
2021-03-28T19:13:42.031+0800: 0.937: [Full GC (Allocation Failure) 2021-03-28T19:13:42.031+0800: 0.937: [Tenured: 174736K->174736K(174784K), 0.0085972 secs] 253047K->250028K(253440K), [Metaspace: 3313K->3313K(1056768K)], 0.0086442 secs] [Times: user=0.00 sys=0.00, real=0.01 secs] 
2021-03-28T19:13:42.040+0800: 0.946: [Full GC (Allocation Failure) 2021-03-28T19:13:42.040+0800: 0.946: [Tenured: 174736K->174612K(174784K), 0.0329157 secs] 253289K->247621K(253440K), [Metaspace: 3313K->3313K(1056768K)], 0.0329598 secs] [Times: user=0.03 sys=0.00, real=0.03 secs] 
2021-03-28T19:13:42.073+0800: 0.979: [Full GC (Allocation Failure) 2021-03-28T19:13:42.073+0800: 0.979: [Tenured: 174612K->174612K(174784K), 0.0090625 secs] 252948K->250645K(253440K), [Metaspace: 3313K->3313K(1056768K)], 0.0091092 secs] [Times: user=0.02 sys=0.00, real=0.01 secs] 
2021-03-28T19:13:42.083+0800: 0.989: [Full GC (Allocation Failure) 2021-03-28T19:13:42.083+0800: 0.989: [Tenured: 174732K->174732K(174784K), 0.0079200 secs] 253386K->251864K(253440K), [Metaspace: 3313K->3313K(1056768K)], 0.0079699 secs] [Times: user=0.02 sys=0.00, real=0.01 secs] 
2021-03-28T19:13:42.091+0800: 0.997: [Full GC (Allocation Failure) 2021-03-28T19:13:42.091+0800: 0.997: [Tenured: 174732K->174732K(174784K), 0.0030020 secs] 253340K->251864K(253440K), [Metaspace: 3313K->3313K(1056768K)], 0.0030483 secs] [Times: user=0.00 sys=0.00, real=0.00 secs] 
2021-03-28T19:13:42.095+0800: 1.001: [Full GC (Allocation Failure) 2021-03-28T19:13:42.095+0800: 1.001: [Tenured: 174732K->174676K(174784K), 0.0307787 secs] 253272K->249730K(253440K), [Metaspace: 3313K->3313K(1056768K)], 0.0308265 secs] [Times: user=0.03 sys=0.00, real=0.03 secs] 
2021-03-28T19:13:42.126+0800: 1.032: [Full GC (Allocation Failure) 2021-03-28T19:13:42.126+0800: 1.032: [Tenured: 174676K->174676K(174784K), 0.0022799 secs] 253244K->250044K(253440K), [Metaspace: 3313K->3313K(1056768K)], 0.0023525 secs] [Times: user=0.00 sys=0.00, real=0.00 secs] 
2021-03-28T19:13:42.129+0800: 1.035: [Full GC (Allocation Failure) 2021-03-28T19:13:42.129+0800: 1.035: [Tenured: 174676K->174676K(174784K), 0.0019328 secs] 252823K->251515K(253440K), [Metaspace: 3313K->3313K(1056768K)], 0.0019740 secs] [Times: user=0.00 sys=0.00, real=0.00 secs] 
2021-03-28T19:13:42.131+0800: 1.037: [Full GC (Allocation Failure) 2021-03-28T19:13:42.131+0800: 1.037: [Tenured: 174676K->174676K(174784K), 0.0030315 secs] 252951K->252654K(253440K), [Metaspace: 3313K->3313K(1056768K)], 0.0030735 secs] [Times: user=0.00 sys=0.00, real=0.00 secs] 
2021-03-28T19:13:42.134+0800: 1.040: [Full GC (Allocation Failure) 2021-03-28T19:13:42.134+0800: 1.040: [Tenured: 174676K->174405K(174784K), 0.0304075 secs] 253183K->251515K(253440K), [Metaspace: 3313K->3313K(1056768K)], 0.0304549 secs] [Times: user=0.03 sys=0.00, real=0.03 secs] 
2021-03-28T19:13:42.165+0800: 1.071: [Full GC (Allocation Failure) 2021-03-28T19:13:42.165+0800: 1.071: [Tenured: 174405K->174405K(174784K), 0.0018033 secs] 252329K->252294K(253440K), [Metaspace: 3313K->3313K(1056768K)], 0.0018474 secs] [Times: user=0.02 sys=0.00, real=0.00 secs] 
2021-03-28T19:13:42.167+0800: 1.073: [Full GC (Allocation Failure) 2021-03-28T19:13:42.167+0800: 1.073: [Tenured: 174405K->174230K(174784K), 0.0200949 secs] 252294K->252119K(253440K), [Metaspace: 3313K->3313K(1056768K)], 0.0201478 secs] [Times: user=0.02 sys=0.00, real=0.02 secs] 
Heap
 def new generation   total 78656K, used 77931K [0x00000000f0000000, 0x00000000f5550000, 0x00000000f5550000)
  eden space 69952K, 100% used [0x00000000f0000000, 0x00000000f4450000, 0x00000000f4450000)
  from space 8704K,  91% used [0x00000000f4cd0000, 0x00000000f549ad28, 0x00000000f5550000)
  to   space 8704K,   0% used [0x00000000f4450000, 0x00000000f4450000, 0x00000000f4cd0000)
 tenured generation   total 174784K, used 174230K [0x00000000f5550000, 0x0000000100000000, 0x0000000100000000)
   the space 174784K,  99% used [0x00000000f5550000, 0x00000000fff75bb0, 0x00000000fff75c00, 0x0000000100000000)
 Metaspace       used 3343K, capacity 4486K, committed 4864K, reserved 1056768K
  class space    used 370K, capacity 386K, committed 512K, reserved 1048576K
