Java HotSpot(TM) 64-Bit Server VM (25.181-b13) for windows-amd64 JRE (1.8.0_181-b13), built on Jul  7 2018 04:01:33 by "java_re" with MS VC++ 10.0 (VS2010)
Memory: 4k page, physical 33125424k(24482048k free), swap 38106160k(28256288k free)
CommandLine flags: -XX:InitialHeapSize=4294967296 -XX:MaxHeapSize=4294967296 -XX:+PrintGC -XX:+PrintGCDateStamps -XX:+PrintGCDetails -XX:+PrintGCTimeStamps -XX:+UseCompressedClassPointers -XX:+UseCompressedOops -XX:-UseLargePagesIndividualAllocation -XX:+UseSerialGC 
2021-03-28T20:00:25.621+0800: 0.822: [GC (Allocation Failure) 2021-03-28T20:00:25.621+0800: 0.822: [DefNew: 1118528K->139776K(1258304K), 0.1101205 secs] 1118528K->240205K(4054528K), 0.1102387 secs] [Times: user=0.05 sys=0.06, real=0.11 secs] 
2021-03-28T20:00:25.919+0800: 1.119: [GC (Allocation Failure) 2021-03-28T20:00:25.919+0800: 1.119: [DefNew: 1258304K->139775K(1258304K), 0.1410994 secs] 1358733K->392020K(4054528K), 0.1411538 secs] [Times: user=0.03 sys=0.11, real=0.14 secs] 
Heap
 def new generation   total 1258304K, used 184602K [0x00000006c0000000, 0x0000000715550000, 0x0000000715550000)
  eden space 1118528K,   4% used [0x00000006c0000000, 0x00000006c2bc6828, 0x0000000704450000)
  from space 139776K,  99% used [0x0000000704450000, 0x000000070cccfff8, 0x000000070ccd0000)
  to   space 139776K,   0% used [0x000000070ccd0000, 0x000000070ccd0000, 0x0000000715550000)
 tenured generation   total 2796224K, used 252244K [0x0000000715550000, 0x00000007c0000000, 0x00000007c0000000)
   the space 2796224K,   9% used [0x0000000715550000, 0x0000000724ba5308, 0x0000000724ba5400, 0x00000007c0000000)
 Metaspace       used 3316K, capacity 4486K, committed 4864K, reserved 1056768K
  class space    used 367K, capacity 386K, committed 512K, reserved 1048576K
